Component: ARM Compiler 5.06 update 7 (build 960) Tool: armlink [4d3601]

==============================================================================

Section Cross References

    main.o(i.main) refers to rt_cmsis.o(i.osKernelInitialize) for osKernelInitialize
    main.o(i.main) refers to snaketimer.o(i.Init_SnakeTimer) for Init_SnakeTimer
    main.o(i.main) refers to rebotes.o(i.Init_Rebotes) for Init_Rebotes
    main.o(i.main) refers to led_rgb.o(i.Init_RGB) for Init_RGB
    main.o(i.main) refers to led_rgb.o(i.apagar_leds) for apagar_leds
    main.o(i.main) refers to lcd.o(i.LCD_Initialize) for LCD_Initialize
    main.o(i.main) refers to arcade.o(i.Init_Arcade) for Init_Arcade
    main.o(i.main) refers to snake.o(i.InitRandomTimer) for InitRandomTimer
    main.o(i.main) refers to timer_pelota.o(i.Init_TimersPelota) for Init_TimersPelota
    main.o(i.main) refers to zumbador.o(i.Init_PWM) for Init_PWM
    main.o(i.main) refers to rt_cmsis.o(i.osKernelStart) for osKernelStart
    lcd.o(i.EscribirFrase_L1) refers to lcd.o(i.clear_buffer) for clear_buffer
    lcd.o(i.EscribirFrase_L1) refers to strlen.o(.text) for strlen
    lcd.o(i.EscribirFrase_L1) refers to lcd.o(i.copy_to_lcd) for copy_to_lcd
    lcd.o(i.EscribirFrase_L1) refers to lcd.o(.constdata) for Arial12x12
    lcd.o(i.EscribirFrase_L1) refers to lcd.o(.data) for posicionL1
    lcd.o(i.EscribirFrase_L1) refers to lcd.o(.bss) for buffer
    lcd.o(i.EscribirFrase_L2) refers to lcd.o(i.clear_buffer) for clear_buffer
    lcd.o(i.EscribirFrase_L2) refers to strlen.o(.text) for strlen
    lcd.o(i.EscribirFrase_L2) refers to lcd.o(i.copy_to_lcd) for copy_to_lcd
    lcd.o(i.EscribirFrase_L2) refers to lcd.o(.constdata) for Arial12x12
    lcd.o(i.EscribirFrase_L2) refers to lcd.o(.data) for posicionL1
    lcd.o(i.EscribirFrase_L2) refers to lcd.o(.bss) for buffer
    lcd.o(i.LCD_Initialize) refers to lcd.o(i.init) for init
    lcd.o(i.LCD_Initialize) refers to lcd.o(i.LCD_reset) for LCD_reset
    lcd.o(i.LCD_Initialize) refers to lcd.o(i.clear_buffer) for clear_buffer
    lcd.o(i.LCD_Initialize) refers to lcd.o(i.copy_to_lcd) for copy_to_lcd
    lcd.o(i.LCD_Uninitialize) refers to gpio_lpc17xx.o(i.GPIO_PinWrite) for GPIO_PinWrite
    lcd.o(i.LCD_Uninitialize) refers to lcd.o(.data) for SPIDrv
    lcd.o(i.LCD_reset) refers to lcd.o(i.wr_cmd) for wr_cmd
    lcd.o(i.clear_buffer) refers to lcd.o(.bss) for buffer
    lcd.o(i.copy_to_lcd) refers to lcd.o(i.wr_cmd) for wr_cmd
    lcd.o(i.copy_to_lcd) refers to lcd.o(i.wr_data) for wr_data
    lcd.o(i.copy_to_lcd) refers to lcd.o(.data) for posicionL1
    lcd.o(i.copy_to_lcd) refers to lcd.o(.bss) for buffer
    lcd.o(i.init) refers to pin_lpc17xx.o(i.PIN_Configure) for PIN_Configure
    lcd.o(i.init) refers to gpio_lpc17xx.o(i.GPIO_SetDir) for GPIO_SetDir
    lcd.o(i.init) refers to gpio_lpc17xx.o(i.GPIO_PinWrite) for GPIO_PinWrite
    lcd.o(i.init) refers to lcd.o(i.retardo_1us) for retardo_1us
    lcd.o(i.init) refers to lcd.o(i.retardo_1ms) for retardo_1ms
    lcd.o(i.init) refers to lcd.o(.data) for SPIDrv
    lcd.o(i.pintarCuadrado) refers to lcd.o(.bss) for buffer
    lcd.o(i.pintarMarcador) refers to lcd.o(i.pintarNumero) for pintarNumero
    lcd.o(i.pintarNumero) refers to lcd.o(.bss) for buffer
    lcd.o(i.pintarNumero) refers to lcd.o(.constdata) for num6x5
    lcd.o(i.pintarPelotaAbajo) refers to lcd.o(.bss) for buffer
    lcd.o(i.pintarPelotaArriba) refers to lcd.o(.bss) for buffer
    lcd.o(i.pintarPelotaPag) refers to lcd.o(i.pintarPelotaArriba) for pintarPelotaArriba
    lcd.o(i.pintarPelotaPag) refers to lcd.o(i.pintarPelotaAbajo) for pintarPelotaAbajo
    lcd.o(i.pintarPong) refers to lcd.o(i.clear_buffer) for clear_buffer
    lcd.o(i.pintarPong) refers to lcd.o(i.pintarPongPag) for pintarPongPag
    lcd.o(i.pintarPong) refers to lcd.o(i.pintarPelotaPag) for pintarPelotaPag
    lcd.o(i.pintarPong) refers to lcd.o(i.pintarMarcador) for pintarMarcador
    lcd.o(i.pintarPong) refers to lcd.o(i.copy_to_lcd) for copy_to_lcd
    lcd.o(i.pintarPongPag) refers to lcd.o(.bss) for buffer
    lcd.o(i.pintarSerpiente) refers to lcd.o(i.clear_buffer) for clear_buffer
    lcd.o(i.pintarSerpiente) refers to lcd.o(i.pintarCuadrado) for pintarCuadrado
    lcd.o(i.pintarSerpiente) refers to lcd.o(i.copy_to_lcd) for copy_to_lcd
    lcd.o(i.wr_cmd) refers to gpio_lpc17xx.o(i.GPIO_PinWrite) for GPIO_PinWrite
    lcd.o(i.wr_cmd) refers to lcd.o(.data) for SPIDrv
    lcd.o(i.wr_data) refers to gpio_lpc17xx.o(i.GPIO_PinWrite) for GPIO_PinWrite
    lcd.o(i.wr_data) refers to lcd.o(.data) for SPIDrv
    lcd.o(.data) refers to ssp_lpc17xx.o(.constdata) for Driver_SPI1
    rebotes.o(i.EINT3_IRQHandler) refers to rt_cmsis.o(i.osSignalSet) for osSignalSet
    rebotes.o(i.EINT3_IRQHandler) refers to rebotes.o(.data) for tid_Rebotes
    rebotes.o(i.Init_Rebotes) refers to pin_lpc17xx.o(i.PIN_Configure) for PIN_Configure
    rebotes.o(i.Init_Rebotes) refers to rt_cmsis.o(i.osThreadCreate) for osThreadCreate
[...]
    BusFault_Handler                         0x000001eb   Thumb Code     2  startup_lpc17xx.o(.text)
    UsageFault_Handler                       0x000001ed   Thumb Code     2  startup_lpc17xx.o(.text)
    DebugMon_Handler                         0x000001f1   Thumb Code     2  startup_lpc17xx.o(.text)
    ADC_IRQHandler                           0x000001f7   Thumb Code     0  startup_lpc17xx.o(.text)
    BOD_IRQHandler                           0x000001f7   Thumb Code     0  startup_lpc17xx.o(.text)
    CANActivity_IRQHandler                   0x000001f7   Thumb Code     0  startup_lpc17xx.o(.text)
    CAN_IRQHandler                           0x000001f7   Thumb Code     0  startup_lpc17xx.o(.text)
    EINT0_IRQHandler                         0x000001f7   Thumb Code     0  startup_lpc17xx.o(.text)
    EINT1_IRQHandler                         0x000001f7   Thumb Code     0  startup_lpc17xx.o(.text)
    EINT2_IRQHandler                         0x000001f7   Thumb Code     0  startup_lpc17xx.o(.text)
    ENET_IRQHandler                          0x000001f7   Thumb Code     0  startup_lpc17xx.o(.text)
    I2C0_IRQHandler                          0x000001f7   Thumb Code     0  startup_lpc17xx.o(.text)
    I2C1_IRQHandler                          0x000001f7   Thumb Code     0  startup_lpc17xx.o(.text)
    I2S_IRQHandler                           0x000001f7   Thumb Code     0  startup_lpc17xx.o(.text)
    MCPWM_IRQHandler                         0x000001f7   Thumb Code     0  startup_lpc17xx.o(.text)
    PLL0_IRQHandler                          0x000001f7   Thumb Code     0  startup_lpc17xx.o(.text)
    PLL1_IRQHandler                          0x000001f7   Thumb Code     0  startup_lpc17xx.o(.text)
    PWM1_IRQHandler                          0x000001f7   Thumb Code     0  startup_lpc17xx.o(.text)
    QEI_IRQHandler                           0x000001f7   Thumb Code     0  startup_lpc17xx.o(.text)
    RIT_IRQHandler                           0x000001f7   Thumb Code     0  startup_lpc17xx.o(.text)
    RTC_IRQHandler                           0x000001f7   Thumb Code     0  startup_lpc17xx.o(.text)
    SPI_IRQHandler                           0x000001f7   Thumb Code     0  startup_lpc17xx.o(.text)
    SSP0_IRQHandler                          0x000001f7   Thumb Code     0  startup_lpc17xx.o(.text)
    TIMER0_IRQHandler                        0x000001f7   Thumb Code     0  startup_lpc17xx.o(.text)
    TIMER1_IRQHandler                        0x000001f7   Thumb Code     0  startup_lpc17xx.o(.text)
    TIMER2_IRQHandler                        0x000001f7   Thumb Code     0  startup_lpc17xx.o(.text)
    TIMER3_IRQHandler                        0x000001f7   Thumb Code     0  startup_lpc17xx.o(.text)
    UART1_IRQHandler                         0x000001f7   Thumb Code     0  startup_lpc17xx.o(.text)
    UART2_IRQHandler                         0x000001f7   Thumb Code     0  startup_lpc17xx.o(.text)
    UART3_IRQHandler                         0x000001f7   Thumb Code     0  startup_lpc17xx.o(.text)
    USBActivity_IRQHandler                   0x000001f7   Thumb Code     0  startup_lpc17xx.o(.text)
    USB_IRQHandler                           0x000001f7   Thumb Code     0  startup_lpc17xx.o(.text)
    WDT_IRQHandler                           0x000001f7   Thumb Code     0  startup_lpc17xx.o(.text)
    __user_initial_stackheap                 0x000001f9   Thumb Code     0  startup_lpc17xx.o(.text)
    __user_libspace                          0x00000219   Thumb Code     8  libspace.o(.text)
    __user_perproc_libspace                  0x00000219   Thumb Code     0  libspace.o(.text)
    __2sprintf                               0x00000221   Thumb Code    34  noretval__2sprintf.o(.text)
    _printf_pre_padding                      0x00000249   Thumb Code    44  _printf_pad.o(.text)
    _printf_post_padding                     0x00000275   Thumb Code    34  _printf_pad.o(.text)
    _printf_str                              0x00000297   Thumb Code    82  _printf_str.o(.text)
    exit                                     0x000002e9   Thumb Code    18  exit.o(.text)
    __I$use$semihosting                      0x000002fb   Thumb Code     0  use_no_semi.o(.text)
    __use_no_semihosting_swi                 0x000002fb   Thumb Code     2  use_no_semi.o(.text)
    rt_set_PSP                               0x00000301   Thumb Code     6  hal_cm3.o(.emb_text)
    rt_get_PSP                               0x00000307   Thumb Code     6  hal_cm3.o(.emb_text)
    os_set_env                               0x0000030d   Thumb Code    24  hal_cm3.o(.emb_text)
    _alloc_box                               0x00000329   Thumb Code    28  hal_cm3.o(.emb_text)
    _free_box                                0x00000349   Thumb Code    28  hal_cm3.o(.emb_text)
    SVC_Handler                              0x00000369   Thumb Code   108  hal_cm3.o(.emb_text)
    PendSV_Handler                           0x000003e1   Thumb Code    56  hal_cm3.o(.emb_text)
    SysTick_Handler                          0x0000041d   Thumb Code     8  hal_cm3.o(.emb_text)
    OS_Tick_Handler                          0x00000425   Thumb Code    12  hal_cm3.o(.emb_text)
    __aeabi_uldivmod                         0x00000431   Thumb Code     0  lludivv7m.o(.text)
    _ll_udiv                                 0x00000431   Thumb Code   238  lludivv7m.o(.text)
    __RL_RTX_VER                             0x00000482   Number         0  rt_system.o ABSOLUTE
    _printf_int_dec                          0x00000521   Thumb Code   104  _printf_dec.o(.text)
    __printf                                 0x00000599   Thumb Code   270  __printf_wp.o(.text)
    strlen                                   0x000006a7   Thumb Code    62  strlen.o(.text)
    __aeabi_memclr4                          0x000006e5   Thumb Code     0  rt_memclr_w.o(.text)
    __aeabi_memclr8                          0x000006e5   Thumb Code     0  rt_memclr_w.o(.text)
    __rt_memclr_w                            0x000006e5   Thumb Code    78  rt_memclr_w.o(.text)
    _memset_w                                0x000006e9   Thumb Code     0  rt_memclr_w.o(.text)
    __use_two_region_memory                  0x00000733   Thumb Code     2  heapauxi.o(.text)
    __rt_heap_escrow$2region                 0x00000735   Thumb Code     2  heapauxi.o(.text)
    __rt_heap_expand$2region                 0x00000737   Thumb Code     2  heapauxi.o(.text)
    _printf_int_common                       0x00000739   Thumb Code   178  _printf_intcommon.o(.text)
    _printf_char_common                      0x000007f7   Thumb Code    32  _printf_char_common.o(.text)
    _sputc                                   0x0000081d   Thumb Code    10  _sputc.o(.text)
    _printf_cs_common                        0x00000827   Thumb Code    20  _printf_char.o(.text)
    _printf_char                             0x0000083b   Thumb Code    16  _printf_char.o(.text)
    _printf_string                           0x0000084b   Thumb Code     8  _printf_char.o(.text)
    _sys_exit                                0x00000855   Thumb Code     8  sys_exit.o(.text)
    __user_setup_stackheap                   0x00000861   Thumb Code    74  sys_stackheap_outer.o(.text)
    __semihosting_library_function           0x000008ab   Thumb Code     0  indicate_semi.o(.text)
    SVC_Count                                0x000008ac   Data           4  svc_table.o(SVC_TABLE)
    Arcade                                   0x000008b1   Thumb Code   210  arcade.o(i.Arcade)
    SVC_Table                                0x000008b0   Data           0  svc_table.o(SVC_TABLE)
    DMA_IRQHandler                           0x000009b9   Thumb Code   372  gpdma_lpc17xx.o(i.DMA_IRQHandler)
    EINT3_IRQHandler                         0x00000b39   Thumb Code   206  rebotes.o(i.EINT3_IRQHandler)
    EscribirFrase_L1                         0x00000c15   Thumb Code   196  lcd.o(i.EscribirFrase_L1)
    EscribirFrase_L2                         0x00000ce5   Thumb Code   196  lcd.o(i.EscribirFrase_L2)
    GPDMA_ChannelConfigure                   0x00000db5   Thumb Code   232  gpdma_lpc17xx.o(i.GPDMA_ChannelConfigure)
    GPDMA_ChannelDisable                     0x00000ea9   Thumb Code    44  gpdma_lpc17xx.o(i.GPDMA_ChannelDisable)
    GPDMA_ChannelGetCount                    0x00000ed9   Thumb Code    38  gpdma_lpc17xx.o(i.GPDMA_ChannelGetCount)
    GPDMA_Initialize                         0x00000f09   Thumb Code   154  gpdma_lpc17xx.o(i.GPDMA_Initialize)
    GPDMA_PeripheralSelect                   0x00000fb9   Thumb Code    62  gpdma_lpc17xx.o(i.GPDMA_PeripheralSelect)
    GPDMA_Uninitialize                       0x00000ffd   Thumb Code    92  gpdma_lpc17xx.o(i.GPDMA_Uninitialize)
    GPIO_PinWrite                            0x00001065   Thumb Code    36  gpio_lpc17xx.o(i.GPIO_PinWrite)
    GPIO_SetDir                              0x0000108d   Thumb Code    52  gpio_lpc17xx.o(i.GPIO_SetDir)
    I2C2_IRQHandler                          0x000011c5   Thumb Code    10  i2c_lpc17xx.o(i.I2C2_IRQHandler)
    InitRandomTimer                          0x00001c49   Thumb Code    70  snake.o(i.InitRandomTimer)
    Init_Arcade                              0x00001c95   Thumb Code    36  arcade.o(i.Init_Arcade)
    Init_PWM                                 0x00001cc5   Thumb Code    74  zumbador.o(i.Init_PWM)
    Init_PingPong                            0x00001d1d   Thumb Code    46  pingpong.o(i.Init_PingPong)
    Init_Pot                                 0x00001d59   Thumb Code   102  potenciomentro.o(i.Init_Pot)
    Init_RGB                                 0x00001de1   Thumb Code    34  led_rgb.o(i.Init_RGB)
    Init_Rebotes                             0x00001e05   Thumb Code   142  rebotes.o(i.Init_Rebotes)
    Init_Snake                               0x00001ea5   Thumb Code    78  snake.o(i.Init_Snake)
    Init_SnakeArray                          0x00001f19   Thumb Code    66  snake.o(i.Init_SnakeArray)
    Init_SnakeTimer                          0x00001f69   Thumb Code    24  snaketimer.o(i.Init_SnakeTimer)
    Init_TimersPelota                        0x00001f8d   Thumb Code    60  timer_pelota.o(i.Init_TimersPelota)
    LCD_Initialize                           0x00001fe1   Thumb Code    40  lcd.o(i.LCD_Initialize)
    LCD_reset                                0x00002009   Thumb Code    76  lcd.o(i.LCD_reset)
    PIN_Configure                            0x00002055   Thumb Code   246  pin_lpc17xx.o(i.PIN_Configure)
    PIN_ConfigureI2C0Pins                    0x00002151   Thumb Code    28  pin_lpc17xx.o(i.PIN_ConfigureI2C0Pins)
    PingPong                                 0x00002171   Thumb Code   468  pingpong.o(i.PingPong)
    Potenciometro                            0x00002371   Thumb Code   216  potenciomentro.o(i.Potenciometro)
    Rebotes                                  0x00002459   Thumb Code    98  rebotes.o(i.Rebotes)
    SSP1_GPDMA_Rx_SignalEvent                0x000024e5   Thumb Code    14  ssp_lpc17xx.o(i.SSP1_GPDMA_Rx_SignalEvent)
    SSP1_GPDMA_Tx_SignalEvent                0x000024f9   Thumb Code    14  ssp_lpc17xx.o(i.SSP1_GPDMA_Tx_SignalEvent)
    SSP1_IRQHandler                          0x0000252d   Thumb Code    10  ssp_lpc17xx.o(i.SSP1_IRQHandler)
    SSPx_GPDMA_Rx_SignalEvent                0x00002afb   Thumb Code    54  ssp_lpc17xx.o(i.SSPx_GPDMA_Rx_SignalEvent)
    SSPx_GPDMA_Tx_SignalEvent                0x00002b31   Thumb Code    28  ssp_lpc17xx.o(i.SSPx_GPDMA_Tx_SignalEvent)
    Snake                                    0x000033a1   Thumb Code   128  snake.o(i.Snake)
    SystemInit                               0x00003429   Thumb Code   302  system_lpc17xx.o(i.SystemInit)
    UART0_IRQHandler                         0x00003599   Thumb Code    10  uart_lpc17xx.o(i.UART0_IRQHandler)
    USART0_GPDMA_Rx_Event                    0x000035c1   Thumb Code    14  uart_lpc17xx.o(i.USART0_GPDMA_Rx_Event)
    USART0_GPDMA_Tx_Event                    0x000035d5   Thumb Code    14  uart_lpc17xx.o(i.USART0_GPDMA_Tx_Event)
    USART_SetBaudrate                        0x00004775   Thumb Code   302  uart_lpc17xx.o(i.USART_SetBaudrate)
    _init_box                                0x00004b6b   Thumb Code    70  rt_membox.o(i._init_box)
    _is_digit                                0x00004bb1   Thumb Code    14  __printf_wp.o(i._is_digit)
    _mutex_acquire                           0x00004bc1   Thumb Code    22  rtx_conf_cm.o(i._mutex_acquire)
    _mutex_release                           0x00004be1   Thumb Code    18  rtx_conf_cm.o(i._mutex_release)
    agregarPerfil                            0x00004bfd   Thumb Code    54  puntos.o(i.agregarPerfil)
    apagarZumbador                           0x00004c41   Thumb Code    10  zumbador.o(i.apagarZumbador)
    apagar_leds                              0x00004c51   Thumb Code    34  led_rgb.o(i.apagar_leds)
    avanzarABC                               0x00004c75   Thumb Code    94  nuevo_perfil.o(i.avanzarABC)
    clear_buffer                             0x00004ce9   Thumb Code    18  lcd.o(i.clear_buffer)
    colocarManzana                           0x00004d01   Thumb Code   112  snake.o(i.colocarManzana)
    copy_to_lcd                              0x00004d81   Thumb Code   188  lcd.o(i.copy_to_lcd)
    dbg_init                                 0x00004e49   Thumb Code    34  hal_cm.o(i.dbg_init)
    dbg_task_notify                          0x00004e79   Thumb Code    32  hal_cm.o(i.dbg_task_notify)
    dbg_task_switch                          0x00004e99   Thumb Code    16  hal_cm.o(i.dbg_task_switch)
    ejeY1                                    0x00004ea9   Thumb Code   182  potenciomentro.o(i.ejeY1)
    ejeY2                                    0x00004f71   Thumb Code   176  potenciomentro.o(i.ejeY2)
    elegirJugador                            0x00005031   Thumb Code   228  minijuegos.o(i.elegirJugador)
    encenderZumbador                         0x00005131   Thumb Code    10  zumbador.o(i.encenderZumbador)
    encender_led                             0x00005141   Thumb Code    20  led_rgb.o(i.encender_led)
    escribirLCDMenu                          0x00005155   Thumb Code   110  arcade.o(i.escribirLCDMenu)
    getRandomPos                             0x00005215   Thumb Code    32  snake.o(i.getRandomPos)
    hayManzana                               0x00005235   Thumb Code    54  snake.o(i.hayManzana)
    init                                     0x00005279   Thumb Code   168  lcd.o(i.init)
    isrMessageGet                            0x00005329   Thumb Code    42  rt_cmsis.o(i.isrMessageGet)
    isrMessagePut                            0x00005353   Thumb Code    44  rt_cmsis.o(i.isrMessagePut)
    isrSignalSet                             0x0000537f   Thumb Code    36  rt_cmsis.o(i.isrSignalSet)
    isr_evt_set                              0x000053a5   Thumb Code    34  rt_event.o(i.isr_evt_set)
    isr_mbx_receive                          0x000053cd   Thumb Code    86  rt_mailbox.o(i.isr_mbx_receive)
    isr_mbx_send                             0x00005423   Thumb Code    14  rt_mailbox.o(i.isr_mbx_send)
    juego_PingPong                           0x00005431   Thumb Code   260  minijuegos.o(i.juego_PingPong)
    juego_Serpiente                          0x000055e1   Thumb Code   250  minijuegos.o(i.juego_Serpiente)
    listarMinijuegosLCD                      0x00005769   Thumb Code    86  minijuegos.o(i.listarMinijuegosLCD)
    main                                     0x000057f9   Thumb Code    50  main.o(i.main)
    minijuegos                               0x0000582d   Thumb Code   194  minijuegos.o(i.minijuegos)
    modificarAnterior                        0x00005945   Thumb Code   110  nuevo_perfil.o(i.modificarAnterior)
    moverNextPos                             0x000059c5   Thumb Code    80  snake.o(i.moverNextPos)
    moverSerpiente                           0x00005a21   Thumb Code    46  snake.o(i.moverSerpiente)
    moverse                                  0x00005a5d   Thumb Code   170  snake.o(i.moverse)
    noEsSerpiente                            0x00005b25   Thumb Code    54  snake.o(i.noEsSerpiente)
    nuevo_perfil                             0x00005b69   Thumb Code   180  nuevo_perfil.o(i.nuevo_perfil)
    osDelay                                  0x00005c69   Thumb Code    18  rt_cmsis.o(i.osDelay)
    osKernelInitialize                       0x00005c81   Thumb Code    30  rt_cmsis.o(i.osKernelInitialize)
    osKernelStart                            0x00005ca5   Thumb Code    98  rt_cmsis.o(i.osKernelStart)
    osMessageGet                             0x00005d11   Thumb Code    18  rt_cmsis.o(i.osMessageGet)
    osSignalSet                              0x00005d29   Thumb Code    18  rt_cmsis.o(i.osSignalSet)
    osSignalWait                             0x00005d41   Thumb Code    18  rt_cmsis.o(i.osSignalWait)
    osThreadCreate                           0x00005d59   Thumb Code    36  rt_cmsis.o(i.osThreadCreate)
    osThreadExit                             0x00005d85   Thumb Code    14  rt_cmsis.o(i.osThreadExit)
    osThreadTerminate                        0x00005d9d   Thumb Code    18  rt_cmsis.o(i.osThreadTerminate)
    osThreadYield                            0x00005db5   Thumb Code    18  rt_cmsis.o(i.osThreadYield)
    osTimerCall                              0x00005dcd   Thumb Code     8  rt_cmsis.o(i.osTimerCall)
    osTimerCreate                            0x00005dd9   Thumb Code    36  rt_cmsis.o(i.osTimerCreate)
    osTimerStart                             0x00005e05   Thumb Code    18  rt_cmsis.o(i.osTimerStart)
    osTimerStop                              0x00005e1d   Thumb Code    18  rt_cmsis.o(i.osTimerStop)
    osTimerThread                            0x00005e35   Thumb Code    38  rt_cmsis.o(i.osTimerThread)
    os_error                                 0x00005e61   Thumb Code    34  rtx_conf_cm.o(i.os_error)
    os_idle_demon                            0x00005e83   Thumb Code     4  rtx_conf_cm.o(i.os_idle_demon)
    os_tick_init                             0x00005e89   Thumb Code    32  rt_system.o(i.os_tick_init)
    os_tick_irqack                           0x00005eb1   Thumb Code     2  rt_system.o(i.os_tick_irqack)
    pintarCuadrado                           0x00005eb5   Thumb Code   174  lcd.o(i.pintarCuadrado)
    pintarMarcador                           0x00005f69   Thumb Code    88  lcd.o(i.pintarMarcador)
    pintarNumero                             0x00005fc1   Thumb Code    42  lcd.o(i.pintarNumero)
    pintarPelotaAbajo                        0x00005ff5   Thumb Code    44  lcd.o(i.pintarPelotaAbajo)
    pintarPelotaArriba                       0x00006025   Thumb Code    38  lcd.o(i.pintarPelotaArriba)
    pintarPelotaPag                          0x00006051   Thumb Code    44  lcd.o(i.pintarPelotaPag)
    pintarPong                               0x0000607d   Thumb Code   236  lcd.o(i.pintarPong)
    pintarPongPag                            0x00006169   Thumb Code   102  lcd.o(i.pintarPongPag)
    pintarSerpiente                          0x000061d5   Thumb Code   468  lcd.o(i.pintarSerpiente)
    pintarTablero                            0x000063a9   Thumb Code    20  snake.o(i.pintarTablero)
    pintar_puntos_LAST                       0x000063cd   Thumb Code    62  puntos.o(i.pintar_puntos_LAST)
    pintar_puntos_LCD                        0x00006425   Thumb Code    96  puntos.o(i.pintar_puntos_LCD)
    posicionCorrectaMapa                     0x00006499   Thumb Code    70  snake.o(i.posicionCorrectaMapa)
    puntos                                   0x000064e9   Thumb Code   212  puntos.o(i.puntos)
    puntuacionSnake                          0x000065e1   Thumb Code     6  snake.o(i.puntuacionSnake)
    retardo_1ms                              0x000065ed   Thumb Code    16  lcd.o(i.retardo_1ms)
    retardo_1us                              0x000065fd   Thumb Code    12  lcd.o(i.retardo_1us)
    retrocederABC                            0x00006609   Thumb Code    92  nuevo_perfil.o(i.retrocederABC)
    retrocederPrincipal                      0x00006679   Thumb Code    36  nuevo_perfil.o(i.retrocederPrincipal)
    rt_alloc_box                             0x000066b9   Thumb Code    26  rt_membox.o(i.rt_alloc_box)
    rt_alloc_mem                             0x000066d3   Thumb Code    62  rt_memory.o(i.rt_alloc_mem)
    rt_block                                 0x00006711   Thumb Code    48  rt_task.o(i.rt_block)
    rt_chk_robin                             0x00006749   Thumb Code    60  rt_robin.o(i.rt_chk_robin)
    rt_dec_dly                               0x00006791   Thumb Code   102  rt_list.o(i.rt_dec_dly)
    rt_dispatch                              0x00006801   Thumb Code    60  rt_task.o(i.rt_dispatch)
    rt_dly_wait                              0x00006845   Thumb Code     6  rt_time.o(i.rt_dly_wait)
    rt_evt_psh                               0x0000684d   Thumb Code    76  rt_event.o(i.rt_evt_psh)
    rt_evt_set                               0x0000689d   Thumb Code    88  rt_event.o(i.rt_evt_set)
    rt_evt_wait                              0x000068f9   Thumb Code    56  rt_event.o(i.rt_evt_wait)
    rt_free_box                              0x00006935   Thumb Code    44  rt_membox.o(i.rt_free_box)
    rt_free_mem                              0x00006961   Thumb Code    40  rt_memory.o(i.rt_free_mem)
    rt_get_first                             0x00006989   Thumb Code    40  rt_list.o(i.rt_get_first)
    rt_get_same_rdy_prio                     0x000069b1   Thumb Code    26  rt_list.o(i.rt_get_same_rdy_prio)
    rt_init_mem                              0x00006a25   Thumb Code    26  rt_memory.o(i.rt_init_mem)
    rt_init_robin                            0x00006a41   Thumb Code    14  rt_robin.o(i.rt_init_robin)
    rt_init_stack                            0x00006a59   Thumb Code   118  hal_cm.o(i.rt_init_stack)
    rt_mbx_check                             0x00006ad9   Thumb Code     8  rt_mailbox.o(i.rt_mbx_check)
    rt_mbx_init                              0x00006ae1   Thumb Code    26  rt_mailbox.o(i.rt_mbx_init)
    rt_mbx_psh                               0x00006afd   Thumb Code   236  rt_mailbox.o(i.rt_mbx_psh)
    rt_mbx_wait                              0x00006bed   Thumb Code   174  rt_mailbox.o(i.rt_mbx_wait)
    rt_mut_release                           0x00006ce5   Thumb Code   208  rt_mutex.o(i.rt_mut_release)
    rt_mut_wait                              0x00006dbd   Thumb Code   114  rt_mutex.o(i.rt_mut_wait)
    rt_pop_req                               0x00006e35   Thumb Code   112  rt_system.o(i.rt_pop_req)
    rt_psh_req                               0x00006eb1   Thumb Code    22  rt_system.o(i.rt_psh_req)
    rt_psq_enq                               0x00006ed1   Thumb Code    88  rt_list.o(i.rt_psq_enq)
    rt_put_dly                               0x00006f2d   Thumb Code    68  rt_list.o(i.rt_put_dly)
    rt_put_prio                              0x00006f75   Thumb Code    54  rt_list.o(i.rt_put_prio)
    rt_put_rdy_first                         0x00006fad   Thumb Code    14  rt_list.o(i.rt_put_rdy_first)
    rt_resort_prio                           0x00006fc1   Thumb Code    46  rt_list.o(i.rt_resort_prio)
    rt_ret_val                               0x00006ff5   Thumb Code     6  hal_cm.o(i.rt_ret_val)
    rt_ret_val2                              0x00006ffb   Thumb Code     8  hal_cm.o(i.rt_ret_val2)
    rt_rmv_dly                               0x00007003   Thumb Code    40  rt_list.o(i.rt_rmv_dly)
    rt_rmv_list                              0x0000702d   Thumb Code    44  rt_list.o(i.rt_rmv_list)
    rt_sem_psh                               0x0000705d   Thumb Code    48  rt_semaphore.o(i.rt_sem_psh)
    rt_stk_check                             0x00007091   Thumb Code    28  rt_system.o(i.rt_stk_check)
    rt_switch_req                            0x000070b5   Thumb Code    30  rt_task.o(i.rt_switch_req)
    rt_sys_init                              0x000070dd   Thumb Code   138  rt_task.o(i.rt_sys_init)
    rt_sys_start                             0x000071a9   Thumb Code   110  rt_task.o(i.rt_sys_start)
    rt_systick                               0x00007221   Thumb Code    50  rt_system.o(i.rt_systick)
    rt_tsk_create                            0x000072e5   Thumb Code   118  rt_task.o(i.rt_tsk_create)
    rt_tsk_delete                            0x0000736d   Thumb Code   352  rt_task.o(i.rt_tsk_delete)
    rt_tsk_pass                              0x000074e9   Thumb Code    38  rt_task.o(i.rt_tsk_pass)
    rt_tsk_prio                              0x00007519   Thumb Code   108  rt_task.o(i.rt_tsk_prio)
    rt_tsk_self                              0x00007595   Thumb Code    12  rt_task.o(i.rt_tsk_self)
    siguienteLetra                           0x000075a5   Thumb Code   106  nuevo_perfil.o(i.siguienteLetra)
    sumar_puntos                             0x00007629   Thumb Code    16  puntos.o(i.sumar_puntos)
    svcDelay                                 0x0000763d   Thumb Code    18  rt_cmsis.o(i.svcDelay)
    svcKernelInitialize                      0x00007651   Thumb Code    80  rt_cmsis.o(i.svcKernelInitialize)
    svcKernelStart                           0x000076c1   Thumb Code    62  rt_cmsis.o(i.svcKernelStart)
    svcMessageCreate                         0x00007709   Thumb Code    36  rt_cmsis.o(i.svcMessageCreate)
    svcMessageGet                            0x0000772d   Thumb Code    58  rt_cmsis.o(i.svcMessageGet)
    svcSignalSet                             0x00007767   Thumb Code    36  rt_cmsis.o(i.svcSignalSet)
    svcSignalWait                            0x0000778d   Thumb Code    80  rt_cmsis.o(i.svcSignalWait)
    svcThreadCreate                          0x000077e1   Thumb Code    96  rt_cmsis.o(i.svcThreadCreate)
    svcThreadGetId                           0x0000784d   Thumb Code    22  rt_cmsis.o(i.svcThreadGetId)
    svcThreadTerminate                       0x00007869   Thumb Code    50  rt_cmsis.o(i.svcThreadTerminate)
    svcThreadYield                           0x000078a1   Thumb Code    10  rt_cmsis.o(i.svcThreadYield)
    svcTimerCall                             0x000078ab   Thumb Code    24  rt_cmsis.o(i.svcTimerCall)
    svcTimerCreate                           0x000078c5   Thumb Code    52  rt_cmsis.o(i.svcTimerCreate)
    svcTimerStart                            0x000078fd   Thumb Code    96  rt_cmsis.o(i.svcTimerStart)
    svcTimerStop                             0x00007961   Thumb Code    36  rt_cmsis.o(i.svcTimerStop)
    sysTimerTick                             0x00007985   Thumb Code    84  rt_cmsis.o(i.sysTimerTick)
    wr_cmd                                   0x000079e1   Thumb Code    46  lcd.o(i.wr_cmd)
    wr_data                                  0x00007a15   Thumb Code    46  lcd.o(i.wr_data)
    __aeabi_d2uiz                            0x00007a49   Thumb Code     0  dfixu.o(x$fpl$dfixu)
    _dfixu                                   0x00007a49   Thumb Code    90  dfixu.o(x$fpl$dfixu)
    __aeabi_i2d                              0x00007aa3   Thumb Code     0  dflt_clz.o(x$fpl$dflt)
    _dflt                                    0x00007aa3   Thumb Code    46  dflt_clz.o(x$fpl$dflt)
    __aeabi_dmul                             0x00007ad1   Thumb Code     0  dmul.o(x$fpl$dmul)
    _dmul                                    0x00007ad1   Thumb Code   332  dmul.o(x$fpl$dmul)
    __fpl_dnaninf                            0x00007c25   Thumb Code   156  dnaninf.o(x$fpl$dnaninf)
    __fpl_dretinf                            0x00007cc1   Thumb Code    12  dretinf.o(x$fpl$dretinf)
    Arial12x12                               0x00007ccc   Data        2400  lcd.o(.constdata)
    __I$use$fp                               0x00007ccc   Number         0  usenofp.o(x$fpl$usenofp)
    num6x5                                   0x0000862c   Data          55  lcd.o(.constdata)
    os_thread_def_Rebotes                    0x00008664   Data          16  rebotes.o(.constdata)
    os_thread_def_Arcade                     0x00008674   Data          16  arcade.o(.constdata)
    os_thread_def_PingPong                   0x00008684   Data          16  pingpong.o(.constdata)
    os_timer_def_Timer1                      0x00008694   Data           8  timer_pelota.o(.constdata)
    os_timer_def_Timer2                      0x0000869c   Data           8  timer_pelota.o(.constdata)
    os_thread_def_Potenciometro              0x000086a4   Data          16  potenciomentro.o(.constdata)
    os_thread_def_Snake                      0x000086b4   Data          16  snake.o(.constdata)
    os_timer_def_Timer3                      0x000086c4   Data           8  snaketimer.o(.constdata)
    os_maxtaskrun                            0x000086cc   Data           2  rtx_conf_cm.o(.constdata)
    os_stackinfo                             0x000086d0   Data           4  rtx_conf_cm.o(.constdata)
    os_rrobin                                0x000086d4   Data           4  rtx_conf_cm.o(.constdata)
    os_tickfreq                              0x000086d8   Data           4  rtx_conf_cm.o(.constdata)
    os_tickus_i                              0x000086dc   Data           2  rtx_conf_cm.o(.constdata)
    os_tickus_f                              0x000086de   Data           2  rtx_conf_cm.o(.constdata)
    os_trv                                   0x000086e0   Data           4  rtx_conf_cm.o(.constdata)
    os_flags                                 0x000086e4   Data           1  rtx_conf_cm.o(.constdata)
    CMSIS_RTOS_API_Version                   0x000086e8   Data           4  rtx_conf_cm.o(.constdata)
    CMSIS_RTOS_RTX_Version                   0x000086ec   Data           4  rtx_conf_cm.o(.constdata)
    os_clockrate                             0x000086f0   Data           4  rtx_conf_cm.o(.constdata)
    os_timernum                              0x000086f4   Data           4  rtx_conf_cm.o(.constdata)
    mp_tcb_size                              0x000086f8   Data           2  rtx_conf_cm.o(.constdata)
    mp_stk_size                              0x000086fc   Data           4  rtx_conf_cm.o(.constdata)
    os_stack_sz                              0x00008700   Data           4  rtx_conf_cm.o(.constdata)
    os_fifo_size                             0x00008704   Data           1  rtx_conf_cm.o(.constdata)
    os_thread_def_osTimerThread              0x00008708   Data          16  rtx_conf_cm.o(.constdata)
    os_messageQ_def_osTimerMessageQ          0x00008718   Data           8  rtx_conf_cm.o(.constdata)
    mp_tmr_size                              0x00008720   Data           2  rtx_conf_cm.o(.constdata)
    os_thread_def_main                       0x00008724   Data          16  rtx_conf_cm.o(.constdata)
    Driver_I2C2                              0x00008768   Data          48  i2c_lpc17xx.o(.constdata)
    Driver_SPI1                              0x000087e8   Data          44  ssp_lpc17xx.o(.constdata)
    Driver_USART0                            0x000089ac   Data          56  uart_lpc17xx.o(.constdata)
    Region$$Table$$Base                      0x000089e4   Number         0  anon$$obj.o(Region$$Table)
    Region$$Table$$Limit                     0x00008a04   Number         0  anon$$obj.o(Region$$Table)
    posicionL1                               0x10000004   Data           2  lcd.o(.data)
    posicionL2                               0x10000006   Data           2  lcd.o(.data)
    pulsacion                                0x10000008   Data           1  rebotes.o(.data)
    tid_Rebotes                              0x1000000c   Data           4  rebotes.o(.data)
    estados                                  0x10000014   Data           1  arcade.o(.data)
    tid_Arcade                               0x10000018   Data           4  arcade.o(.data)
    menu                                     0x1000001c   Data           4  arcade.o(.data)
    mini_juegos                              0x10000020   Data           4  arcade.o(.data)
    perfil                                   0x10000024   Data           4  arcade.o(.data)
    puntuacion                               0x10000028   Data           4  arcade.o(.data)
    posicionLibre                            0x10000030   Data           4  puntos.o(.data)
    posicion                                 0x10000034   Data           4  puntos.o(.data)
    n_letra                                  0x1000003c   Data           1  nuevo_perfil.o(.data)
    abecedario                               0x1000003d   Data          26  nuevo_perfil.o(.data)
    nombre                                   0x10000057   Data           3  nuevo_perfil.o(.data)
    selector_letra                           0x1000005c   Data           4  nuevo_perfil.o(.data)
    confirmacion                             0x10000060   Data           4  nuevo_perfil.o(.data)
    guardar                                  0x10000064   Data           4  nuevo_perfil.o(.data)
    juegos                                   0x1000006c   Data           1  minijuegos.o(.data)
    posicionUser                             0x10000070   Data           4  minijuegos.o(.data)
    serp                                     0x10000074   Data           4  minijuegos.o(.data)
    ping                                     0x10000078   Data           4  minijuegos.o(.data)
    elegir                                   0x1000007c   Data           4  minijuegos.o(.data)
    jugador1                                 0x10000080   Data           4  minijuegos.o(.data)
    jugador2                                 0x10000084   Data           4  minijuegos.o(.data)
    tid_PingPong                             0x1000008c   Data           4  pingpong.o(.data)
    juego_activo                             0x10000090   Data           1  pingpong.o(.data)
    score1                                   0x10000091   Data           1  pingpong.o(.data)
    score2                                   0x10000092   Data           1  pingpong.o(.data)
    accionPelota                             0x10000094   Data           1  timer_pelota.o(.data)
    paradaPelota                             0x10000095   Data           1  timer_pelota.o(.data)
    id1                                      0x10000098   Data           4  timer_pelota.o(.data)
    id2                                      0x100000a0   Data           4  timer_pelota.o(.data)
    tid_Pot                                  0x100000a8   Data           4  potenciomentro.o(.data)
    resADCY1                                 0x100000ac   Data           2  potenciomentro.o(.data)
    resADCY2                                 0x100000ae   Data           2  potenciomentro.o(.data)
    estadoJ1                                 0x100000b0   Data           1  potenciomentro.o(.data)
    estadoJ2                                 0x100000b1   Data           1  potenciomentro.o(.data)
    estadoPot                                0x100000b2   Data           1  potenciomentro.o(.data)
    tid_Snake                                0x100000b8   Data           4  snake.o(.data)
    direccionActual                          0x100000bc   Data           1  snake.o(.data)
    direccionSiguiente                       0x100000bd   Data           1  snake.o(.data)
    nextPos                                  0x100000be   Data           2  snake.o(.data)
    longSerpiente                            0x100000c0   Data           1  snake.o(.data)
    nManzanas                                0x100000c1   Data           1  snake.o(.data)
    velocidad                                0x100000c2   Data           1  snake.o(.data)
    points                                   0x100000c3   Data           1  snake.o(.data)
    gameOver                                 0x100000c4   Data           1  snake.o(.data)
    tid_timerSnake                           0x100000c8   Data           4  snaketimer.o(.data)
    osThreadId_osTimerThread                 0x100000d0   Data           4  rtx_conf_cm.o(.data)
    osMessageQId_osTimerMessageQ             0x100000d4   Data           4  rtx_conf_cm.o(.data)
    os_tmr                                   0x100000d8   Data           4  rtx_conf_cm.o(.data)
    m_tmr                                    0x100000dc   Data           4  rtx_conf_cm.o(.data)
    I2C2_PIN                                 0x100000e4   Data           4  i2c_lpc17xx.o(.data)
    SystemCoreClock                          0x10000100   Data           4  system_lpc17xx.o(.data)
    os_initialized                           0x10000104   Data           1  rt_cmsis.o(.data)
    os_running                               0x10000105   Data           1  rt_cmsis.o(.data)
    os_timer_head                            0x10000108   Data           4  rt_cmsis.o(.data)
    os_tsk                                   0x1000010c   Data           8  rt_task.o(.data)
    os_tick_irqn                             0x10000118   Data           4  rt_system.o(.data)
    os_time                                  0x1000011c   Data           4  rt_time.o(.data)
    os_robin                                 0x10000120   Data           8  rt_robin.o(.data)
    dbg_msg                                  0x10000128   Data           1  hal_cm.o(.data)
    buffer                                   0x1000012c   Data         128  lcd.o(.bss)
    usuarios                                 0x100001ac   Data         300  puntos.o(.bss)
    puntosUsuarios                           0x100002d8   Data         400  puntos.o(.bss)
    final                                    0x10000468   Data          10  nuevo_perfil.o(.bss)
    serpiente                                0x100004a4   Data          60  snake.o(.bss)
    manzanas                                 0x100004e0   Data          10  snake.o(.bss)
    mp_tcb                                   0x10000508   Data         428  rtx_conf_cm.o(.bss)
    mp_stk                                   0x100006b8   Data       21016  rtx_conf_cm.o(.bss)
    os_stack_mem                             0x100058d0   Data        3032  rtx_conf_cm.o(.bss)
    os_fifo                                  0x100064a8   Data         260  rtx_conf_cm.o(.bss)
    os_active_TCB                            0x100065ac   Data          32  rtx_conf_cm.o(.bss)
    os_messageQ_q_osTimerMessageQ            0x100065cc   Data          32  rtx_conf_cm.o(.bss)
    os_idle_TCB                              0x10006a8c   Data          52  rt_task.o(.bss)
    os_rdy                                   0x10006ac0   Data          24  rt_list.o(.bss)
    os_dly                                   0x10006ad8   Data          24  rt_list.o(.bss)
    __libspace_start                         0x10006af0   Data          96  libspace.o(.bss)
    __temporary_stack_top$libspace           0x10006b50   Data           0  libspace.o(.bss)



==============================================================================

Memory Map of the image

  Image Entry point : 0x000001dd

  Load Region LR_1 (Base: 0x00000000, Size: 0x00008b30, Max: 0xffffffff, ABSOLUTE, COMPRESSED[0x00008a4c])

    Execution Region ER_RO (Exec base: 0x00000000, Load base: 0x00000000, Size: 0x00008a04, Max: 0xffffffff, ABSOLUTE)

    Exec Addr    Load Addr    Size         Type   Attr      Idx    E Section Name        Object

    0x00000000   0x00000000   0x000000cc   Data   RO         1835    RESET               startup_lpc17xx.o
    0x000000cc   0x000000cc   0x00000008   Code   RO         3140  * !!!main             c_w.l(__main.o)
    0x000000d4   0x000000d4   0x00000034   Code   RO         3333    !!!scatter          c_w.l(__scatter.o)
    0x00000108   0x00000108   0x0000005a   Code   RO         3331    !!dczerorl2         c_w.l(__dczerorl2.o)
    0x00000162   0x00000162   0x00000002   PAD
    0x00000164   0x00000164   0x0000001c   Code   RO         3335    !!handler_zi        c_w.l(__scatter_zi.o)
    0x00000180   0x00000180   0x00000000   Code   RO         3131    .ARM.Collect$$_printf_percent$$00000000  c_w.l(_printf_percent.o)
    0x00000180   0x00000180   0x00000006   Code   RO         3130    .ARM.Collect$$_printf_percent$$00000009  c_w.l(_printf_d.o)
    0x00000186   0x00000186   0x00000006   Code   RO         3129    .ARM.Collect$$_printf_percent$$00000014  c_w.l(_printf_s.o)
    0x0000018c   0x0000018c   0x00000004   Code   RO         3169    .ARM.Collect$$_printf_percent$$00000017  c_w.l(_printf_percent_end.o)
    0x00000190   0x00000190   0x00000002   Code   RO         3215    .ARM.Collect$$libinit$$00000000  c_w.l(libinit.o)
    0x00000192   0x00000192   0x00000000   Code   RO         3227    .ARM.Collect$$libinit$$00000002  c_w.l(libinit2.o)
    0x00000192   0x00000192   0x00000000   Code   RO         3229    .ARM.Collect$$libinit$$00000004  c_w.l(libinit2.o)
    0x00000192   0x00000192   0x00000000   Code   RO         3232    .ARM.Collect$$libinit$$0000000A  c_w.l(libinit2.o)
    0x00000192   0x00000192   0x00000000   Code   RO         3234    .ARM.Collect$$libinit$$0000000C  c_w.l(libinit2.o)
    0x00000192   0x00000192   0x00000000   Code   RO         3236    .ARM.Collect$$libinit$$0000000E  c_w.l(libinit2.o)
    0x00000192   0x00000192   0x00000000   Code   RO         3239    .ARM.Collect$$libinit$$00000011  c_w.l(libinit2.o)
    0x00000192   0x00000192   0x00000000   Code   RO         3241    .ARM.Collect$$libinit$$00000013  c_w.l(libinit2.o)
    0x00000192   0x00000192   0x00000000   Code   RO         3243    .ARM.Collect$$libinit$$00000015  c_w.l(libinit2.o)
    0x00000192   0x00000192   0x00000000   Code   RO         3245    .ARM.Collect$$libinit$$00000017  c_w.l(libinit2.o)
    0x00000192   0x00000192   0x00000000   Code   RO         3247    .ARM.Collect$$libinit$$00000019  c_w.l(libinit2.o)
    0x00000192   0x00000192   0x00000000   Code   RO         3249    .ARM.Collect$$libinit$$0000001B  c_w.l(libinit2.o)
    0x00000192   0x00000192   0x00000000   Code   RO         3251    .ARM.Collect$$libinit$$0000001D  c_w.l(libinit2.o)
    0x00000192   0x00000192   0x00000000   Code   RO         3253    .ARM.Collect$$libinit$$0000001F  c_w.l(libinit2.o)
    0x00000192   0x00000192   0x00000000   Code   RO         3255    .ARM.Collect$$libinit$$00000021  c_w.l(libinit2.o)
    0x00000192   0x00000192   0x00000000   Code   RO         3257    .ARM.Collect$$libinit$$00000023  c_w.l(libinit2.o)
    0x00000192   0x00000192   0x00000000   Code   RO         3259    .ARM.Collect$$libinit$$00000025  c_w.l(libinit2.o)
    0x00000192   0x00000192   0x00000000   Code   RO         3263    .ARM.Collect$$libinit$$0000002C  c_w.l(libinit2.o)
    0x00000192   0x00000192   0x00000000   Code   RO         3265    .ARM.Collect$$libinit$$0000002E  c_w.l(libinit2.o)
    0x00000192   0x00000192   0x00000000   Code   RO         3267    .ARM.Collect$$libinit$$00000030  c_w.l(libinit2.o)
    0x00000192   0x00000192   0x00000000   Code   RO         3269    .ARM.Collect$$libinit$$00000032  c_w.l(libinit2.o)
    0x00000192   0x00000192   0x00000002   Code   RO         3270    .ARM.Collect$$libinit$$00000033  c_w.l(libinit2.o)
    0x00000194   0x00000194   0x00000002   Code   RO         3216    .ARM.Collect$$libshutdown$$00000000  c_w.l(libshutdown.o)
    0x00000196   0x00000196   0x00000000   Code   RO         3272    .ARM.Collect$$libshutdown$$00000002  c_w.l(libshutdown2.o)
    0x00000196   0x00000196   0x00000000   Code   RO         3274    .ARM.Collect$$libshutdown$$00000004  c_w.l(libshutdown2.o)
    0x00000196   0x00000196   0x00000000   Code   RO         3276    .ARM.Collect$$libshutdown$$00000006  c_w.l(libshutdown2.o)
    0x00000196   0x00000196   0x00000000   Code   RO         3279    .ARM.Collect$$libshutdown$$00000009  c_w.l(libshutdown2.o)
    0x00000196   0x00000196   0x00000000   Code   RO         3282    .ARM.Collect$$libshutdown$$0000000C  c_w.l(libshutdown2.o)
    0x00000196   0x00000196   0x00000000   Code   RO         3284    .ARM.Collect$$libshutdown$$0000000E  c_w.l(libshutdown2.o)
    0x00000196   0x00000196   0x00000000   Code   RO         3287    .ARM.Collect$$libshutdown$$00000011  c_w.l(libshutdown2.o)
    0x00000196   0x00000196   0x00000002   Code   RO         3288    .ARM.Collect$$libshutdown$$00000012  c_w.l(libshutdown2.o)
    0x00000198   0x00000198   0x00000000   Code   RO         3154    .ARM.Collect$$rtentry$$00000000  c_w.l(__rtentry.o)
    0x00000198   0x00000198   0x00000000   Code   RO         3176    .ARM.Collect$$rtentry$$00000002  c_w.l(__rtentry2.o)
    0x00000198   0x00000198   0x00000006   Code   RO         3188    .ARM.Collect$$rtentry$$00000004  c_w.l(__rtentry4.o)
    0x0000019e   0x0000019e   0x00000000   Code   RO         3178    .ARM.Collect$$rtentry$$00000009  c_w.l(__rtentry2.o)
    0x0000019e   0x0000019e   0x00000004   Code   RO         3179    .ARM.Collect$$rtentry$$0000000A  c_w.l(__rtentry2.o)
    0x000001a2   0x000001a2   0x00000008   Code   RO         3180    .ARM.Collect$$rtentry$$0000000B  c_w.l(__rtentry2.o)
    0x000001aa   0x000001aa   0x00000008   Code   RO         3182    .ARM.Collect$$rtentry$$0000000D  c_w.l(__rtentry2.o)
    0x000001b2   0x000001b2   0x00000002   Code   RO         3155    .ARM.Collect$$rtexit$$00000000  c_w.l(rtexit.o)
    0x000001b4   0x000001b4   0x00000000   Code   RO         3191    .ARM.Collect$$rtexit$$00000002  c_w.l(rtexit2.o)
    0x000001b4   0x000001b4   0x00000004   Code   RO         3192    .ARM.Collect$$rtexit$$00000003  c_w.l(rtexit2.o)
    0x000001b8   0x000001b8   0x00000006   Code   RO         3193    .ARM.Collect$$rtexit$$00000004  c_w.l(rtexit2.o)
    0x000001be   0x000001be   0x00000002   PAD
    0x000001c0   0x000001c0   0x0000001c   Code   RO         1003    .emb_text           rtx_conf_cm.o
    0x000001dc   0x000001dc   0x0000003c   Code   RO         1837  * .text               startup_lpc17xx.o
    0x00000218   0x00000218   0x00000008   Code   RO         3092    .text               c_w.l(libspace.o)
    0x00000220   0x00000220   0x00000028   Code   RO         3099    .text               c_w.l(noretval__2sprintf.o)
    0x00000248   0x00000248   0x0000004e   Code   RO         3103    .text               c_w.l(_printf_pad.o)
    0x00000296   0x00000296   0x00000052   Code   RO         3105    .text               c_w.l(_printf_str.o)
    0x000002e8   0x000002e8   0x00000012   Code   RO         3132    .text               c_w.l(exit.o)
    0x000002fa   0x000002fa   0x00000002   Code   RO         3217    .text               c_w.l(use_no_semi.o)
    0x000002fc   0x000002fc   0x00000004   Code   RO         1836    .ARM.__at_0x02FC    startup_lpc17xx.o
    0x00000300   0x00000300   0x00000130   Code   RO         3077    .emb_text           RTX_CM3.lib(hal_cm3.o)
    0x00000430   0x00000430   0x000000ee   Code   RO         3095    .text               c_w.l(lludivv7m.o)
    0x0000051e   0x0000051e   0x00000002   PAD
    0x00000520   0x00000520   0x00000078   Code   RO         3107    .text               c_w.l(_printf_dec.o)
    0x00000598   0x00000598   0x0000010e   Code   RO         3117    .text               c_w.l(__printf_wp.o)
    0x000006a6   0x000006a6   0x0000003e   Code   RO         3134    .text               c_w.l(strlen.o)
    0x000006e4   0x000006e4   0x0000004e   Code   RO         3136    .text               c_w.l(rt_memclr_w.o)
    0x00000732   0x00000732   0x00000006   Code   RO         3138    .text               c_w.l(heapauxi.o)
    0x00000738   0x00000738   0x000000b2   Code   RO         3161    .text               c_w.l(_printf_intcommon.o)
    0x000007ea   0x000007ea   0x00000002   PAD
    0x000007ec   0x000007ec   0x00000030   Code   RO         3163    .text               c_w.l(_printf_char_common.o)
    0x0000081c   0x0000081c   0x0000000a   Code   RO         3165    .text               c_w.l(_sputc.o)
    0x00000826   0x00000826   0x0000002c   Code   RO         3167    .text               c_w.l(_printf_char.o)
    0x00000852   0x00000852   0x00000002   PAD
    0x00000854   0x00000854   0x0000000c   Code   RO         3201    .text               c_w.l(sys_exit.o)
    0x00000860   0x00000860   0x0000004a   Code   RO         3203    .text               c_w.l(sys_stackheap_outer.o)
    0x000008aa   0x000008aa   0x00000000   Code   RO         3219    .text               c_w.l(indicate_semi.o)
    0x000008aa   0x000008aa   0x00000002   PAD
    0x000008ac   0x000008ac   0x00000004   Code   RO         3087    SVC_TABLE           RTX_CM3.lib(svc_table.o)
    0x000008b0   0x000008b0   0x000000e8   Code   RO          339    i.Arcade            arcade.o
    0x00000998   0x00000998   0x00000020   Code   RO         1656    i.Clear_Channel_active_flag  gpdma_lpc17xx.o
    0x000009b8   0x000009b8   0x00000180   Code   RO         1657    i.DMA_IRQHandler    gpdma_lpc17xx.o
    0x00000b38   0x00000b38   0x000000dc   Code   RO          249    i.EINT3_IRQHandler  rebotes.o
    0x00000c14   0x00000c14   0x000000d0   Code   RO           79    i.EscribirFrase_L1  lcd.o
    0x00000ce4   0x00000ce4   0x000000d0   Code   RO           80    i.EscribirFrase_L2  lcd.o
    0x00000db4   0x00000db4   0x000000f4   Code   RO         1658    i.GPDMA_ChannelConfigure  gpdma_lpc17xx.o
    0x00000ea8   0x00000ea8   0x00000030   Code   RO         1659    i.GPDMA_ChannelDisable  gpdma_lpc17xx.o
    0x00000ed8   0x00000ed8   0x00000030   Code   RO         1661    i.GPDMA_ChannelGetCount  gpdma_lpc17xx.o
    0x00000f08   0x00000f08   0x000000b0   Code   RO         1663    i.GPDMA_Initialize  gpdma_lpc17xx.o
    0x00000fb8   0x00000fb8   0x00000044   Code   RO         1664    i.GPDMA_PeripheralSelect  gpdma_lpc17xx.o
    0x00000ffc   0x00000ffc   0x00000068   Code   RO         1665    i.GPDMA_Uninitialize  gpdma_lpc17xx.o
    0x00001064   0x00001064   0x00000028   Code   RO         1747    i.GPIO_PinWrite     gpio_lpc17xx.o
    0x0000108c   0x0000108c   0x00000038   Code   RO         1751    i.GPIO_SetDir       gpio_lpc17xx.o
    0x000010c4   0x000010c4   0x00000040   Code   RO         1064    i.GetI2CClockFreq   i2c_lpc17xx.o
    0x00001104   0x00001104   0x00000044   Code   RO         1260    i.GetSSPClockFreq   ssp_lpc17xx.o
    0x00001148   0x00001148   0x00000044   Code   RO         1438    i.GetUsartClockFreq  uart_lpc17xx.o
    0x0000118c   0x0000118c   0x00000018   Code   RO         1065    i.I2C2_Control      i2c_lpc17xx.o
    0x000011a4   0x000011a4   0x00000010   Code   RO         1066    i.I2C2_GetDataCount  i2c_lpc17xx.o
    0x000011b4   0x000011b4   0x00000010   Code   RO         1067    i.I2C2_GetStatus    i2c_lpc17xx.o
    0x000011c4   0x000011c4   0x00000010   Code   RO         1068    i.I2C2_IRQHandler   i2c_lpc17xx.o
    0x000011d4   0x000011d4   0x00000014   Code   RO         1069    i.I2C2_Initialize   i2c_lpc17xx.o
    0x000011e8   0x000011e8   0x00000020   Code   RO         1070    i.I2C2_MasterReceive  i2c_lpc17xx.o
    0x00001208   0x00001208   0x00000020   Code   RO         1071    i.I2C2_MasterTransmit  i2c_lpc17xx.o
    0x00001228   0x00001228   0x00000014   Code   RO         1072    i.I2C2_PowerControl  i2c_lpc17xx.o
    0x0000123c   0x0000123c   0x00000018   Code   RO         1073    i.I2C2_SlaveReceive  i2c_lpc17xx.o
    0x00001254   0x00001254   0x00000018   Code   RO         1074    i.I2C2_SlaveTransmit  i2c_lpc17xx.o
    0x0000126c   0x0000126c   0x00000010   Code   RO         1075    i.I2C2_Uninitialize  i2c_lpc17xx.o
    0x0000127c   0x0000127c   0x0000000c   Code   RO         1076    i.I2C_GetCapabilities  i2c_lpc17xx.o
    0x00001288   0x00001288   0x00000010   Code   RO         1077    i.I2C_GetVersion    i2c_lpc17xx.o
    0x00001298   0x00001298   0x0000018c   Code   RO         1078    i.I2Cx_Control      i2c_lpc17xx.o
    0x00001424   0x00001424   0x00000008   Code   RO         1079    i.I2Cx_GetDataCount  i2c_lpc17xx.o
    0x0000142c   0x0000142c   0x00000008   Code   RO         1080    i.I2Cx_GetStatus    i2c_lpc17xx.o
    0x00001434   0x00001434   0x00000030   Code   RO         1081    i.I2Cx_IRQHandler   i2c_lpc17xx.o
    0x00001464   0x00001464   0x0000004e   Code   RO         1082    i.I2Cx_Initialize   i2c_lpc17xx.o
    0x000014b2   0x000014b2   0x000001ce   Code   RO         1083    i.I2Cx_MasterHandler  i2c_lpc17xx.o
    0x00001680   0x00001680   0x000000ce   Code   RO         1084    i.I2Cx_MasterReceive  i2c_lpc17xx.o
    0x0000174e   0x0000174e   0x000000cc   Code   RO         1085    i.I2Cx_MasterTransmit  i2c_lpc17xx.o
    0x0000181a   0x0000181a   0x00000140   Code   RO         1086    i.I2Cx_PowerControl  i2c_lpc17xx.o
    0x0000195a   0x0000195a   0x000001d4   Code   RO         1087    i.I2Cx_SlaveHandler  i2c_lpc17xx.o
    0x00001b2e   0x00001b2e   0x00000074   Code   RO         1088    i.I2Cx_SlaveReceive  i2c_lpc17xx.o
    0x00001ba2   0x00001ba2   0x00000074   Code   RO         1089    i.I2Cx_SlaveTransmit  i2c_lpc17xx.o
    0x00001c16   0x00001c16   0x00000030   Code   RO         1090    i.I2Cx_Uninitialize  i2c_lpc17xx.o
    0x00001c46   0x00001c46   0x00000002   PAD
    0x00001c48   0x00001c48   0x0000004c   Code   RO          826    i.InitRandomTimer   snake.o
    0x00001c94   0x00001c94   0x00000030   Code   RO          340    i.Init_Arcade       arcade.o
    0x00001cc4   0x00001cc4   0x00000058   Code   RO          964    i.Init_PWM          zumbador.o
    0x00001d1c   0x00001d1c   0x0000003c   Code   RO          693    i.Init_PingPong     pingpong.o
    0x00001d58   0x00001d58   0x00000088   Code   RO          772    i.Init_Pot          potenciomentro.o
    0x00001de0   0x00001de0   0x00000022   Code   RO          300    i.Init_RGB          led_rgb.o
    0x00001e02   0x00001e02   0x00000002   PAD
    0x00001e04   0x00001e04   0x000000a0   Code   RO          250    i.Init_Rebotes      rebotes.o
    0x00001ea4   0x00001ea4   0x00000074   Code   RO          827    i.Init_Snake        snake.o
    0x00001f18   0x00001f18   0x00000050   Code   RO          828    i.Init_SnakeArray   snake.o
    0x00001f68   0x00001f68   0x00000024   Code   RO          938    i.Init_SnakeTimer   snaketimer.o
    0x00001f8c   0x00001f8c   0x00000054   Code   RO          742    i.Init_TimersPelota  timer_pelota.o
    0x00001fe0   0x00001fe0   0x00000028   Code   RO           81    i.LCD_Initialize    lcd.o
    0x00002008   0x00002008   0x0000004c   Code   RO           83    i.LCD_reset         lcd.o
    0x00002054   0x00002054   0x000000fc   Code   RO         1800    i.PIN_Configure     pin_lpc17xx.o
    0x00002150   0x00002150   0x00000020   Code   RO         1801    i.PIN_ConfigureI2C0Pins  pin_lpc17xx.o
    0x00002170   0x00002170   0x00000200   Code   RO          694    i.PingPong          pingpong.o
    0x00002370   0x00002370   0x000000e8   Code   RO          773    i.Potenciometro     potenciomentro.o
    0x00002458   0x00002458   0x00000074   Code   RO          251    i.Rebotes           rebotes.o
    0x000024cc   0x000024cc   0x00000018   Code   RO         1261    i.SSP1_Control      ssp_lpc17xx.o
    0x000024e4   0x000024e4   0x00000014   Code   RO         1262    i.SSP1_GPDMA_Rx_SignalEvent  ssp_lpc17xx.o
    0x000024f8   0x000024f8   0x00000014   Code   RO         1263    i.SSP1_GPDMA_Tx_SignalEvent  ssp_lpc17xx.o
    0x0000250c   0x0000250c   0x00000010   Code   RO         1264    i.SSP1_GetDataCount  ssp_lpc17xx.o
    0x0000251c   0x0000251c   0x00000010   Code   RO         1265    i.SSP1_GetStatus    ssp_lpc17xx.o
    0x0000252c   0x0000252c   0x00000010   Code   RO         1266    i.SSP1_IRQHandler   ssp_lpc17xx.o
    0x0000253c   0x0000253c   0x00000014   Code   RO         1267    i.SSP1_Initialize   ssp_lpc17xx.o
    0x00002550   0x00002550   0x00000014   Code   RO         1268    i.SSP1_PowerControl  ssp_lpc17xx.o
    0x00002564   0x00002564   0x00000018   Code   RO         1269    i.SSP1_Receive      ssp_lpc17xx.o
    0x0000257c   0x0000257c   0x00000018   Code   RO         1270    i.SSP1_Send         ssp_lpc17xx.o
    0x00002594   0x00002594   0x0000001c   Code   RO         1271    i.SSP1_Transfer     ssp_lpc17xx.o
    0x000025b0   0x000025b0   0x00000010   Code   RO         1272    i.SSP1_Uninitialize  ssp_lpc17xx.o
    0x000025c0   0x000025c0   0x0000000c   Code   RO         1273    i.SSP_GetCapabilities  ssp_lpc17xx.o
    0x000025cc   0x000025cc   0x00000010   Code   RO         1274    i.SSP_GetVersion    ssp_lpc17xx.o
    0x000025dc   0x000025dc   0x0000051e   Code   RO         1275    i.SSPx_Control      ssp_lpc17xx.o
    0x00002afa   0x00002afa   0x00000036   Code   RO         1276    i.SSPx_GPDMA_Rx_SignalEvent  ssp_lpc17xx.o
    0x00002b30   0x00002b30   0x0000001c   Code   RO         1277    i.SSPx_GPDMA_Tx_SignalEvent  ssp_lpc17xx.o
    0x00002b4c   0x00002b4c   0x0000002c   Code   RO         1278    i.SSPx_GetDataCount  ssp_lpc17xx.o
    0x00002b78   0x00002b78   0x0000002c   Code   RO         1279    i.SSPx_GetStatus    ssp_lpc17xx.o
    0x00002ba4   0x00002ba4   0x00000104   Code   RO         1280    i.SSPx_IRQHandler   ssp_lpc17xx.o
    0x00002ca8   0x00002ca8   0x000000a8   Code   RO         1281    i.SSPx_Initialize   ssp_lpc17xx.o
    0x00002d50   0x00002d50   0x000001a4   Code   RO         1282    i.SSPx_PowerControl  ssp_lpc17xx.o
    0x00002ef4   0x00002ef4   0x0000015c   Code   RO         1283    i.SSPx_Receive      ssp_lpc17xx.o
    0x00003050   0x00003050   0x00000154   Code   RO         1284    i.SSPx_Send         ssp_lpc17xx.o
    0x000031a4   0x000031a4   0x00000152   Code   RO         1285    i.SSPx_Transfer     ssp_lpc17xx.o
    0x000032f6   0x000032f6   0x00000070   Code   RO         1286    i.SSPx_Uninitialize  ssp_lpc17xx.o
    0x00003366   0x00003366   0x00000002   PAD
    0x00003368   0x00003368   0x00000038   Code   RO         1666    i.Set_Channel_active_flag  gpdma_lpc17xx.o
    0x000033a0   0x000033a0   0x00000088   Code   RO          829    i.Snake             snake.o
    0x00003428   0x00003428   0x00000140   Code   RO         1847    i.SystemInit        system_lpc17xx.o
    0x00003568   0x00003568   0x0000000c   Code   RO          743    i.Timer1_Callback   timer_pelota.o
    0x00003574   0x00003574   0x0000000c   Code   RO          744    i.Timer2_Callback   timer_pelota.o
    0x00003580   0x00003580   0x00000018   Code   RO          939    i.Timer_Hora_Callback  snaketimer.o
    0x00003598   0x00003598   0x00000010   Code   RO         1439    i.UART0_IRQHandler  uart_lpc17xx.o
    0x000035a8   0x000035a8   0x00000018   Code   RO         1440    i.USART0_Control    uart_lpc17xx.o
    0x000035c0   0x000035c0   0x00000014   Code   RO         1441    i.USART0_GPDMA_Rx_Event  uart_lpc17xx.o
    0x000035d4   0x000035d4   0x00000014   Code   RO         1442    i.USART0_GPDMA_Tx_Event  uart_lpc17xx.o
    0x000035e8   0x000035e8   0x00000010   Code   RO         1443    i.USART0_GetCapabilities  uart_lpc17xx.o
    0x000035f8   0x000035f8   0x00000010   Code   RO         1444    i.USART0_GetModemStatus  uart_lpc17xx.o
    0x00003608   0x00003608   0x00000010   Code   RO         1445    i.USART0_GetRxCount  uart_lpc17xx.o
    0x00003618   0x00003618   0x00000010   Code   RO         1446    i.USART0_GetStatus  uart_lpc17xx.o
    0x00003628   0x00003628   0x00000010   Code   RO         1447    i.USART0_GetTxCount  uart_lpc17xx.o
    0x00003638   0x00003638   0x00000014   Code   RO         1448    i.USART0_Initialize  uart_lpc17xx.o
    0x0000364c   0x0000364c   0x00000014   Code   RO         1449    i.USART0_PowerControl  uart_lpc17xx.o
    0x00003660   0x00003660   0x00000018   Code   RO         1450    i.USART0_Receive    uart_lpc17xx.o
    0x00003678   0x00003678   0x00000018   Code   RO         1451    i.USART0_Send       uart_lpc17xx.o
    0x00003690   0x00003690   0x00000014   Code   RO         1452    i.USART0_SetModemControl  uart_lpc17xx.o
    0x000036a4   0x000036a4   0x0000001c   Code   RO         1453    i.USART0_Transfer   uart_lpc17xx.o
    0x000036c0   0x000036c0   0x00000010   Code   RO         1454    i.USART0_Uninitialize  uart_lpc17xx.o
    0x000036d0   0x000036d0   0x00000644   Code   RO         1455    i.USART_Control     uart_lpc17xx.o
    0x00003d14   0x00003d14   0x00000086   Code   RO         1456    i.USART_GPDMA_Rx_Event  uart_lpc17xx.o
    0x00003d9a   0x00003d9a   0x0000004a   Code   RO         1457    i.USART_GPDMA_Tx_Event  uart_lpc17xx.o
    0x00003de4   0x00003de4   0x00000006   Code   RO         1458    i.USART_GetCapabilities  uart_lpc17xx.o
    0x00003dea   0x00003dea   0x000000b2   Code   RO         1459    i.USART_GetModemStatus  uart_lpc17xx.o
    0x00003e9c   0x00003e9c   0x0000001c   Code   RO         1460    i.USART_GetRxCount  uart_lpc17xx.o
    0x00003eb8   0x00003eb8   0x0000005e   Code   RO         1461    i.USART_GetStatus   uart_lpc17xx.o
    0x00003f16   0x00003f16   0x0000001c   Code   RO         1462    i.USART_GetTxCount  uart_lpc17xx.o
    0x00003f32   0x00003f32   0x00000216   Code   RO         1463    i.USART_IRQHandler  uart_lpc17xx.o
    0x00004148   0x00004148   0x000000fe   Code   RO         1464    i.USART_Initialize  uart_lpc17xx.o
    0x00004246   0x00004246   0x00000002   PAD
    0x00004248   0x00004248   0x00000218   Code   RO         1465    i.USART_PowerControl  uart_lpc17xx.o
    0x00004460   0x00004460   0x00000110   Code   RO         1466    i.USART_Receive     uart_lpc17xx.o
    0x00004570   0x00004570   0x00000068   Code   RO         1467    i.USART_RxLineIntHandler  uart_lpc17xx.o
    0x000045d8   0x000045d8   0x0000019c   Code   RO         1468    i.USART_Send        uart_lpc17xx.o
    0x00004774   0x00004774   0x00000134   Code   RO         1469    i.USART_SetBaudrate  uart_lpc17xx.o
    0x000048a8   0x000048a8   0x000000a0   Code   RO         1470    i.USART_SetModemControl  uart_lpc17xx.o
    0x00004948   0x00004948   0x0000007a   Code   RO         1471    i.USART_Transfer    uart_lpc17xx.o
    0x000049c2   0x000049c2   0x000000e2   Code   RO         1472    i.USART_Uninitialize  uart_lpc17xx.o
    0x00004aa4   0x00004aa4   0x00000010   Code   RO         1473    i.USARTx_GetVersion  uart_lpc17xx.o
    0x00004ab4   0x00004ab4   0x0000001c   Code   RO         1091    i.__NVIC_ClearPendingIRQ  i2c_lpc17xx.o
    0x00004ad0   0x00004ad0   0x0000001c   Code   RO         1287    i.__NVIC_ClearPendingIRQ  ssp_lpc17xx.o
    0x00004aec   0x00004aec   0x0000001c   Code   RO         1474    i.__NVIC_ClearPendingIRQ  uart_lpc17xx.o
    0x00004b08   0x00004b08   0x0000001c   Code   RO         1667    i.__NVIC_ClearPendingIRQ  gpdma_lpc17xx.o
    0x00004b24   0x00004b24   0x00000024   Code   RO         1092    i.__NVIC_DisableIRQ  i2c_lpc17xx.o
    0x00004b48   0x00004b48   0x00000022   Code   RO         1093    i.__NVIC_EnableIRQ  i2c_lpc17xx.o
    0x00004b6a   0x00004b6a   0x00000046   Code   RO         2976    i._init_box         RTX_CM3.lib(rt_membox.o)
    0x00004bb0   0x00004bb0   0x0000000e   Code   RO         3119    i._is_digit         c_w.l(__printf_wp.o)
    0x00004bbe   0x00004bbe   0x00000002   PAD
    0x00004bc0   0x00004bc0   0x00000020   Code   RO         1005    i._mutex_acquire    rtx_conf_cm.o
    0x00004be0   0x00004be0   0x0000001c   Code   RO         1007    i._mutex_release    rtx_conf_cm.o
    0x00004bfc   0x00004bfc   0x00000044   Code   RO          400    i.agregarPerfil     puntos.o
    0x00004c40   0x00004c40   0x00000010   Code   RO          965    i.apagarZumbador    zumbador.o
    0x00004c50   0x00004c50   0x00000022   Code   RO          301    i.apagar_leds       led_rgb.o
    0x00004c72   0x00004c72   0x00000002   PAD
    0x00004c74   0x00004c74   0x00000074   Code   RO          457    i.avanzarABC        nuevo_perfil.o
    0x00004ce8   0x00004ce8   0x00000018   Code   RO           84    i.clear_buffer      lcd.o
    0x00004d00   0x00004d00   0x00000080   Code   RO          830    i.colocarManzana    snake.o
    0x00004d80   0x00004d80   0x000000c8   Code   RO           85    i.copy_to_lcd       lcd.o
    0x00004e48   0x00004e48   0x00000030   Code   RO         3029    i.dbg_init          RTX_CM3.lib(hal_cm.o)
    0x00004e78   0x00004e78   0x00000020   Code   RO         3030    i.dbg_task_notify   RTX_CM3.lib(hal_cm.o)
    0x00004e98   0x00004e98   0x00000010   Code   RO         3031    i.dbg_task_switch   RTX_CM3.lib(hal_cm.o)
    0x00004ea8   0x00004ea8   0x000000c8   Code   RO          774    i.ejeY1             potenciomentro.o
    0x00004f70   0x00004f70   0x000000c0   Code   RO          775    i.ejeY2             potenciomentro.o
    0x00005030   0x00005030   0x00000100   Code   RO          520    i.elegirJugador     minijuegos.o
    0x00005130   0x00005130   0x00000010   Code   RO          966    i.encenderZumbador  zumbador.o
    0x00005140   0x00005140   0x00000014   Code   RO          302    i.encender_led      led_rgb.o
    0x00005154   0x00005154   0x000000c0   Code   RO          341    i.escribirLCDMenu   arcade.o
    0x00005214   0x00005214   0x00000020   Code   RO          831    i.getRandomPos      snake.o
    0x00005234   0x00005234   0x00000044   Code   RO          832    i.hayManzana        snake.o
    0x00005278   0x00005278   0x000000b0   Code   RO           86    i.init              lcd.o
    0x00005328   0x00005328   0x0000002a   Code   RO         1882    i.isrMessageGet     RTX_CM3.lib(rt_cmsis.o)
    0x00005352   0x00005352   0x0000002c   Code   RO         1883    i.isrMessagePut     RTX_CM3.lib(rt_cmsis.o)
    0x0000537e   0x0000537e   0x00000024   Code   RO         1885    i.isrSignalSet      RTX_CM3.lib(rt_cmsis.o)
    0x000053a2   0x000053a2   0x00000002   PAD
    0x000053a4   0x000053a4   0x00000028   Code   RO         2713    i.isr_evt_set       RTX_CM3.lib(rt_event.o)
    0x000053cc   0x000053cc   0x00000056   Code   RO         2831    i.isr_mbx_receive   RTX_CM3.lib(rt_mailbox.o)
    0x00005422   0x00005422   0x0000000e   Code   RO         2832    i.isr_mbx_send      RTX_CM3.lib(rt_mailbox.o)
    0x00005430   0x00005430   0x000001b0   Code   RO          521    i.juego_PingPong    minijuegos.o
    0x000055e0   0x000055e0   0x00000188   Code   RO          522    i.juego_Serpiente   minijuegos.o
    0x00005768   0x00005768   0x00000090   Code   RO          523    i.listarMinijuegosLCD  minijuegos.o
    0x000057f8   0x000057f8   0x00000032   Code   RO            4    i.main              main.o
    0x0000582a   0x0000582a   0x00000002   PAD
    0x0000582c   0x0000582c   0x00000118   Code   RO          524    i.minijuegos        minijuegos.o
    0x00005944   0x00005944   0x00000080   Code   RO          458    i.modificarAnterior  nuevo_perfil.o
    0x000059c4   0x000059c4   0x0000005c   Code   RO          833    i.moverNextPos      snake.o
    0x00005a20   0x00005a20   0x0000003c   Code   RO          834    i.moverSerpiente    snake.o
    0x00005a5c   0x00005a5c   0x000000c8   Code   RO          835    i.moverse           snake.o
    0x00005b24   0x00005b24   0x00000044   Code   RO          836    i.noEsSerpiente     snake.o
    0x00005b68   0x00005b68   0x00000100   Code   RO          459    i.nuevo_perfil      nuevo_perfil.o
    0x00005c68   0x00005c68   0x00000018   Code   RO         1886    i.osDelay           RTX_CM3.lib(rt_cmsis.o)
    0x00005c80   0x00005c80   0x00000024   Code   RO         1887    i.osKernelInitialize  RTX_CM3.lib(rt_cmsis.o)
    0x00005ca4   0x00005ca4   0x0000006c   Code   RO         1889    i.osKernelStart     RTX_CM3.lib(rt_cmsis.o)
    0x00005d10   0x00005d10   0x00000018   Code   RO         1898    i.osMessageGet      RTX_CM3.lib(rt_cmsis.o)
    0x00005d28   0x00005d28   0x00000018   Code   RO         1913    i.osSignalSet       RTX_CM3.lib(rt_cmsis.o)
    0x00005d40   0x00005d40   0x00000018   Code   RO         1914    i.osSignalWait      RTX_CM3.lib(rt_cmsis.o)
    0x00005d58   0x00005d58   0x0000002c   Code   RO         1915    i.osThreadCreate    RTX_CM3.lib(rt_cmsis.o)
    0x00005d84   0x00005d84   0x00000018   Code   RO         1916    i.osThreadExit      RTX_CM3.lib(rt_cmsis.o)
    0x00005d9c   0x00005d9c   0x00000018   Code   RO         1920    i.osThreadTerminate  RTX_CM3.lib(rt_cmsis.o)
    0x00005db4   0x00005db4   0x00000018   Code   RO         1921    i.osThreadYield     RTX_CM3.lib(rt_cmsis.o)
    0x00005dcc   0x00005dcc   0x0000000c   Code   RO         1922    i.osTimerCall       RTX_CM3.lib(rt_cmsis.o)
    0x00005dd8   0x00005dd8   0x0000002c   Code   RO         1923    i.osTimerCreate     RTX_CM3.lib(rt_cmsis.o)
    0x00005e04   0x00005e04   0x00000018   Code   RO         1925    i.osTimerStart      RTX_CM3.lib(rt_cmsis.o)
    0x00005e1c   0x00005e1c   0x00000018   Code   RO         1926    i.osTimerStop       RTX_CM3.lib(rt_cmsis.o)
    0x00005e34   0x00005e34   0x0000002c   Code   RO         1927    i.osTimerThread     RTX_CM3.lib(rt_cmsis.o)
    0x00005e60   0x00005e60   0x00000022   Code   RO         1008    i.os_error          rtx_conf_cm.o
    0x00005e82   0x00005e82   0x00000004   Code   RO         1009    i.os_idle_demon     rtx_conf_cm.o
    0x00005e86   0x00005e86   0x00000002   PAD
    0x00005e88   0x00005e88   0x00000028   Code   RO         2623    i.os_tick_init      RTX_CM3.lib(rt_system.o)
    0x00005eb0   0x00005eb0   0x00000002   Code   RO         2624    i.os_tick_irqack    RTX_CM3.lib(rt_system.o)
    0x00005eb2   0x00005eb2   0x00000002   PAD
    0x00005eb4   0x00005eb4   0x000000b4   Code   RO           87    i.pintarCuadrado    lcd.o
    0x00005f68   0x00005f68   0x00000058   Code   RO           88    i.pintarMarcador    lcd.o
    0x00005fc0   0x00005fc0   0x00000034   Code   RO           89    i.pintarNumero      lcd.o
    0x00005ff4   0x00005ff4   0x00000030   Code   RO           90    i.pintarPelotaAbajo  lcd.o
    0x00006024   0x00006024   0x0000002c   Code   RO           91    i.pintarPelotaArriba  lcd.o
    0x00006050   0x00006050   0x0000002c   Code   RO           92    i.pintarPelotaPag   lcd.o
    0x0000607c   0x0000607c   0x000000ec   Code   RO           93    i.pintarPong        lcd.o
    0x00006168   0x00006168   0x0000006c   Code   RO           94    i.pintarPongPag     lcd.o
    0x000061d4   0x000061d4   0x000001d4   Code   RO           95    i.pintarSerpiente   lcd.o
    0x000063a8   0x000063a8   0x00000024   Code   RO          837    i.pintarTablero     snake.o
    0x000063cc   0x000063cc   0x00000058   Code   RO          401    i.pintar_puntos_LAST  puntos.o
    0x00006424   0x00006424   0x00000074   Code   RO          402    i.pintar_puntos_LCD  puntos.o
    0x00006498   0x00006498   0x00000050   Code   RO          838    i.posicionCorrectaMapa  snake.o
    0x000064e8   0x000064e8   0x000000f8   Code   RO          403    i.puntos            puntos.o
    0x000065e0   0x000065e0   0x0000000c   Code   RO          839    i.puntuacionSnake   snake.o
    0x000065ec   0x000065ec   0x00000010   Code   RO           96    i.retardo_1ms       lcd.o
    0x000065fc   0x000065fc   0x0000000c   Code   RO           97    i.retardo_1us       lcd.o
    0x00006608   0x00006608   0x00000070   Code   RO          460    i.retrocederABC     nuevo_perfil.o
    0x00006678   0x00006678   0x00000040   Code   RO          461    i.retrocederPrincipal  nuevo_perfil.o
    0x000066b8   0x000066b8   0x0000001a   Code   RO         2977    i.rt_alloc_box      RTX_CM3.lib(rt_membox.o)
    0x000066d2   0x000066d2   0x0000003e   Code   RO         3005    i.rt_alloc_mem      RTX_CM3.lib(rt_memory.o)
    0x00006710   0x00006710   0x00000038   Code   RO         2504    i.rt_block          RTX_CM3.lib(rt_task.o)
    0x00006748   0x00006748   0x00000048   Code   RO         2954    i.rt_chk_robin      RTX_CM3.lib(rt_robin.o)
    0x00006790   0x00006790   0x00000070   Code   RO         2755    i.rt_dec_dly        RTX_CM3.lib(rt_list.o)
    0x00006800   0x00006800   0x00000044   Code   RO         2505    i.rt_dispatch       RTX_CM3.lib(rt_task.o)
    0x00006844   0x00006844   0x00000006   Code   RO         2921    i.rt_dly_wait       RTX_CM3.lib(rt_time.o)
    0x0000684a   0x0000684a   0x00000002   PAD
    0x0000684c   0x0000684c   0x00000050   Code   RO         2716    i.rt_evt_psh        RTX_CM3.lib(rt_event.o)
    0x0000689c   0x0000689c   0x0000005c   Code   RO         2717    i.rt_evt_set        RTX_CM3.lib(rt_event.o)
    0x000068f8   0x000068f8   0x0000003c   Code   RO         2718    i.rt_evt_wait       RTX_CM3.lib(rt_event.o)
    0x00006934   0x00006934   0x0000002c   Code   RO         2978    i.rt_free_box       RTX_CM3.lib(rt_membox.o)
    0x00006960   0x00006960   0x00000028   Code   RO         3006    i.rt_free_mem       RTX_CM3.lib(rt_memory.o)
    0x00006988   0x00006988   0x00000028   Code   RO         2756    i.rt_get_first      RTX_CM3.lib(rt_list.o)
    0x000069b0   0x000069b0   0x00000024   Code   RO         2757    i.rt_get_same_rdy_prio  RTX_CM3.lib(rt_list.o)
    0x000069d4   0x000069d4   0x00000008   Code   RO         1932    i.rt_id2obj         RTX_CM3.lib(rt_cmsis.o)
    0x000069dc   0x000069dc   0x00000048   Code   RO         2506    i.rt_init_context   RTX_CM3.lib(rt_task.o)
    0x00006a24   0x00006a24   0x0000001a   Code   RO         3007    i.rt_init_mem       RTX_CM3.lib(rt_memory.o)
    0x00006a3e   0x00006a3e   0x00000002   PAD
    0x00006a40   0x00006a40   0x00000018   Code   RO         2955    i.rt_init_robin     RTX_CM3.lib(rt_robin.o)
    0x00006a58   0x00006a58   0x00000080   Code   RO         3032    i.rt_init_stack     RTX_CM3.lib(hal_cm.o)
    0x00006ad8   0x00006ad8   0x00000008   Code   RO         2833    i.rt_mbx_check      RTX_CM3.lib(rt_mailbox.o)
    0x00006ae0   0x00006ae0   0x0000001a   Code   RO         2834    i.rt_mbx_init       RTX_CM3.lib(rt_mailbox.o)
    0x00006afa   0x00006afa   0x00000002   PAD
    0x00006afc   0x00006afc   0x000000f0   Code   RO         2835    i.rt_mbx_psh        RTX_CM3.lib(rt_mailbox.o)
    0x00006bec   0x00006bec   0x000000b4   Code   RO         2837    i.rt_mbx_wait       RTX_CM3.lib(rt_mailbox.o)
    0x00006ca0   0x00006ca0   0x00000044   Code   RO         1933    i.rt_ms2tick        RTX_CM3.lib(rt_cmsis.o)
    0x00006ce4   0x00006ce4   0x000000d8   Code   RO         2590    i.rt_mut_release    RTX_CM3.lib(rt_mutex.o)
    0x00006dbc   0x00006dbc   0x00000078   Code   RO         2591    i.rt_mut_wait       RTX_CM3.lib(rt_mutex.o)
    0x00006e34   0x00006e34   0x0000007c   Code   RO         2627    i.rt_pop_req        RTX_CM3.lib(rt_system.o)
    0x00006eb0   0x00006eb0   0x00000020   Code   RO         2628    i.rt_psh_req        RTX_CM3.lib(rt_system.o)
    0x00006ed0   0x00006ed0   0x0000005c   Code   RO         2758    i.rt_psq_enq        RTX_CM3.lib(rt_list.o)
    0x00006f2c   0x00006f2c   0x00000048   Code   RO         2759    i.rt_put_dly        RTX_CM3.lib(rt_list.o)
    0x00006f74   0x00006f74   0x00000036   Code   RO         2760    i.rt_put_prio       RTX_CM3.lib(rt_list.o)
    0x00006faa   0x00006faa   0x00000002   PAD
    0x00006fac   0x00006fac   0x00000014   Code   RO         2761    i.rt_put_rdy_first  RTX_CM3.lib(rt_list.o)
    0x00006fc0   0x00006fc0   0x00000034   Code   RO         2762    i.rt_resort_prio    RTX_CM3.lib(rt_list.o)
    0x00006ff4   0x00006ff4   0x00000006   Code   RO         3033    i.rt_ret_val        RTX_CM3.lib(hal_cm.o)
    0x00006ffa   0x00006ffa   0x00000008   Code   RO         3034    i.rt_ret_val2       RTX_CM3.lib(hal_cm.o)
    0x00007002   0x00007002   0x00000028   Code   RO         2763    i.rt_rmv_dly        RTX_CM3.lib(rt_list.o)
    0x0000702a   0x0000702a   0x00000002   PAD
    0x0000702c   0x0000702c   0x00000030   Code   RO         2764    i.rt_rmv_list       RTX_CM3.lib(rt_list.o)
    0x0000705c   0x0000705c   0x00000034   Code   RO         2882    i.rt_sem_psh        RTX_CM3.lib(rt_semaphore.o)
    0x00007090   0x00007090   0x00000024   Code   RO         2630    i.rt_stk_check      RTX_CM3.lib(rt_system.o)
    0x000070b4   0x000070b4   0x00000028   Code   RO         2507    i.rt_switch_req     RTX_CM3.lib(rt_task.o)
    0x000070dc   0x000070dc   0x000000cc   Code   RO         2508    i.rt_sys_init       RTX_CM3.lib(rt_task.o)
    0x000071a8   0x000071a8   0x00000078   Code   RO         2509    i.rt_sys_start      RTX_CM3.lib(rt_task.o)
    0x00007220   0x00007220   0x00000040   Code   RO         2632    i.rt_systick        RTX_CM3.lib(rt_system.o)
    0x00007260   0x00007260   0x00000012   Code   RO         1934    i.rt_tid2ptcb       RTX_CM3.lib(rt_cmsis.o)
    0x00007272   0x00007272   0x00000002   PAD
    0x00007274   0x00007274   0x00000034   Code   RO         1935    i.rt_timer_insert   RTX_CM3.lib(rt_cmsis.o)
    0x000072a8   0x000072a8   0x0000003c   Code   RO         1936    i.rt_timer_remove   RTX_CM3.lib(rt_cmsis.o)
    0x000072e4   0x000072e4   0x00000088   Code   RO         2510    i.rt_tsk_create     RTX_CM3.lib(rt_task.o)
    0x0000736c   0x0000736c   0x0000017c   Code   RO         2511    i.rt_tsk_delete     RTX_CM3.lib(rt_task.o)
    0x000074e8   0x000074e8   0x00000030   Code   RO         2512    i.rt_tsk_pass       RTX_CM3.lib(rt_task.o)
    0x00007518   0x00007518   0x0000007c   Code   RO         2513    i.rt_tsk_prio       RTX_CM3.lib(rt_task.o)
    0x00007594   0x00007594   0x00000010   Code   RO         2514    i.rt_tsk_self       RTX_CM3.lib(rt_task.o)
    0x000075a4   0x000075a4   0x00000084   Code   RO          462    i.siguienteLetra    nuevo_perfil.o
    0x00007628   0x00007628   0x00000014   Code   RO          404    i.sumar_puntos      puntos.o
    0x0000763c   0x0000763c   0x00000012   Code   RO         1937    i.svcDelay          RTX_CM3.lib(rt_cmsis.o)
    0x0000764e   0x0000764e   0x00000002   PAD
    0x00007650   0x00007650   0x00000070   Code   RO         1938    i.svcKernelInitialize  RTX_CM3.lib(rt_cmsis.o)
    0x000076c0   0x000076c0   0x00000048   Code   RO         1940    i.svcKernelStart    RTX_CM3.lib(rt_cmsis.o)
    0x00007708   0x00007708   0x00000024   Code   RO         1943    i.svcMessageCreate  RTX_CM3.lib(rt_cmsis.o)
    0x0000772c   0x0000772c   0x0000003a   Code   RO         1944    i.svcMessageGet     RTX_CM3.lib(rt_cmsis.o)
    0x00007766   0x00007766   0x00000024   Code   RO         1956    i.svcSignalSet      RTX_CM3.lib(rt_cmsis.o)
    0x0000778a   0x0000778a   0x00000002   PAD
    0x0000778c   0x0000778c   0x00000054   Code   RO         1957    i.svcSignalWait     RTX_CM3.lib(rt_cmsis.o)
    0x000077e0   0x000077e0   0x0000006c   Code   RO         1958    i.svcThreadCreate   RTX_CM3.lib(rt_cmsis.o)
    0x0000784c   0x0000784c   0x0000001c   Code   RO         1959    i.svcThreadGetId    RTX_CM3.lib(rt_cmsis.o)
    0x00007868   0x00007868   0x00000038   Code   RO         1962    i.svcThreadTerminate  RTX_CM3.lib(rt_cmsis.o)
    0x000078a0   0x000078a0   0x0000000a   Code   RO         1963    i.svcThreadYield    RTX_CM3.lib(rt_cmsis.o)
    0x000078aa   0x000078aa   0x00000018   Code   RO         1964    i.svcTimerCall      RTX_CM3.lib(rt_cmsis.o)
    0x000078c2   0x000078c2   0x00000002   PAD
    0x000078c4   0x000078c4   0x00000038   Code   RO         1965    i.svcTimerCreate    RTX_CM3.lib(rt_cmsis.o)
    0x000078fc   0x000078fc   0x00000064   Code   RO         1967    i.svcTimerStart     RTX_CM3.lib(rt_cmsis.o)
    0x00007960   0x00007960   0x00000024   Code   RO         1968    i.svcTimerStop      RTX_CM3.lib(rt_cmsis.o)
    0x00007984   0x00007984   0x0000005c   Code   RO         1973    i.sysTimerTick      RTX_CM3.lib(rt_cmsis.o)
    0x000079e0   0x000079e0   0x00000034   Code   RO           98    i.wr_cmd            lcd.o
    0x00007a14   0x00007a14   0x00000034   Code   RO           99    i.wr_data           lcd.o
    0x00007a48   0x00007a48   0x0000005a   Code   RO         3142    x$fpl$dfixu         fz_ws.l(dfixu.o)
    0x00007aa2   0x00007aa2   0x0000002e   Code   RO         3147    x$fpl$dflt          fz_ws.l(dflt_clz.o)
    0x00007ad0   0x00007ad0   0x00000154   Code   RO         3152    x$fpl$dmul          fz_ws.l(dmul.o)
    0x00007c24   0x00007c24   0x0000009c   Code   RO         3170    x$fpl$dnaninf       fz_ws.l(dnaninf.o)
    0x00007cc0   0x00007cc0   0x0000000c   Code   RO         3172    x$fpl$dretinf       fz_ws.l(dretinf.o)
    0x00007ccc   0x00007ccc   0x00000000   Code   RO         3174    x$fpl$usenofp       fz_ws.l(usenofp.o)
    0x00007ccc   0x00007ccc   0x00000997   Data   RO          101    .constdata          lcd.o
    0x00008663   0x00008663   0x00000001   PAD
    0x00008664   0x00008664   0x00000010   Data   RO          252    .constdata          rebotes.o
    0x00008674   0x00008674   0x00000010   Data   RO          342    .constdata          arcade.o
    0x00008684   0x00008684   0x00000010   Data   RO          695    .constdata          pingpong.o
    0x00008694   0x00008694   0x00000010   Data   RO          746    .constdata          timer_pelota.o
    0x000086a4   0x000086a4   0x00000010   Data   RO          776    .constdata          potenciomentro.o
    0x000086b4   0x000086b4   0x00000010   Data   RO          841    .constdata          snake.o
    0x000086c4   0x000086c4   0x00000008   Data   RO          941    .constdata          snaketimer.o
    0x000086cc   0x000086cc   0x00000068   Data   RO         1011    .constdata          rtx_conf_cm.o
    0x00008734   0x00008734   0x00000064   Data   RO         1095    .constdata          i2c_lpc17xx.o
    0x00008798   0x00008798   0x0000007c   Data   RO         1289    .constdata          ssp_lpc17xx.o
    0x00008814   0x00008814   0x000001d0   Data   RO         1476    .constdata          uart_lpc17xx.o
    0x000089e4   0x000089e4   0x00000020   Data   RO         3329    Region$$Table       anon$$obj.o


    Execution Region ER_RW (Exec base: 0x10000000, Load base: 0x00008a04, Size: 0x0000012c, Max: 0xffffffff, ABSOLUTE, COMPRESSED[0x00000048])

    Exec Addr    Load Addr    Size         Type   Attr      Idx    E Section Name        Object

    0x10000000   COMPRESSED   0x00000008   Data   RW          102    .data               lcd.o
    0x10000008   COMPRESSED   0x00000008   Data   RW          253    .data               rebotes.o
    0x10000010   COMPRESSED   0x0000001c   Data   RW          343    .data               arcade.o
    0x1000002c   COMPRESSED   0x0000000c   Data   RW          406    .data               puntos.o
    0x10000038   COMPRESSED   0x00000030   Data   RW          464    .data               nuevo_perfil.o
    0x10000068   COMPRESSED   0x00000020   Data   RW          525    .data               minijuegos.o
    0x10000088   COMPRESSED   0x0000000b   Data   RW          696    .data               pingpong.o
    0x10000093   COMPRESSED   0x00000001   PAD
    0x10000094   COMPRESSED   0x00000014   Data   RW          747    .data               timer_pelota.o
    0x100000a8   COMPRESSED   0x0000000b   Data   RW          777    .data               potenciomentro.o
    0x100000b3   COMPRESSED   0x00000001   PAD
    0x100000b4   COMPRESSED   0x00000011   Data   RW          842    .data               snake.o
    0x100000c5   COMPRESSED   0x00000003   PAD
    0x100000c8   COMPRESSED   0x00000008   Data   RW          942    .data               snaketimer.o
    0x100000d0   COMPRESSED   0x00000014   Data   RW         1012    .data               rtx_conf_cm.o
    0x100000e4   COMPRESSED   0x00000004   Data   RW         1096    .data               i2c_lpc17xx.o
    0x100000e8   COMPRESSED   0x0000000c   Data   RW         1290    .data               ssp_lpc17xx.o
    0x100000f4   COMPRESSED   0x00000004   Data   RW         1477    .data               uart_lpc17xx.o
    0x100000f8   COMPRESSED   0x00000008   Data   RW         1669    .data               gpdma_lpc17xx.o
    0x10000100   COMPRESSED   0x00000004   Data   RW         1848    .data               system_lpc17xx.o
    0x10000104   COMPRESSED   0x00000008   Data   RW         1976    .data               RTX_CM3.lib(rt_cmsis.o)
    0x1000010c   COMPRESSED   0x00000008   Data   RW         2516    .data               RTX_CM3.lib(rt_task.o)
    0x10000114   COMPRESSED   0x00000008   Data   RW         2635    .data               RTX_CM3.lib(rt_system.o)
    0x1000011c   COMPRESSED   0x00000004   Data   RW         2925    .data               RTX_CM3.lib(rt_time.o)
    0x10000120   COMPRESSED   0x00000008   Data   RW         2956    .data               RTX_CM3.lib(rt_robin.o)
    0x10000128   COMPRESSED   0x00000001   Data   RW         3035    .data               RTX_CM3.lib(hal_cm.o)


    Execution Region ER_ZI (Exec base: 0x1000012c, Load base: 0x00008a4c, Size: 0x00006c24, Max: 0xffffffff, ABSOLUTE)

    Exec Addr    Load Addr    Size         Type   Attr      Idx    E Section Name        Object

    0x1000012c        -       0x00000080   Zero   RW          100    .bss                lcd.o
    0x100001ac        -       0x000002bc   Zero   RW          405    .bss                puntos.o
    0x10000468        -       0x0000000a   Zero   RW          463    .bss                nuevo_perfil.o
    0x10000472   0x00008a4c   0x00000002   PAD
    0x10000474        -       0x00000030   Zero   RW          745    .bss                timer_pelota.o
    0x100004a4        -       0x00000046   Zero   RW          840    .bss                snake.o
    0x100004ea   0x00008a4c   0x00000002   PAD
    0x100004ec        -       0x00000018   Zero   RW          940    .bss                snaketimer.o
    0x10000504   0x00008a4c   0x00000004   PAD
    0x10000508        -       0x00006464   Zero   RW         1010    .bss                rtx_conf_cm.o
    0x1000696c        -       0x00000024   Zero   RW         1094    .bss                i2c_lpc17xx.o
    0x10006990        -       0x00000028   Zero   RW         1288    .bss                ssp_lpc17xx.o
    0x100069b8        -       0x00000034   Zero   RW         1475    .bss                uart_lpc17xx.o
    0x100069ec        -       0x000000a0   Zero   RW         1668    .bss                gpdma_lpc17xx.o
    0x10006a8c        -       0x00000034   Zero   RW         2515    .bss                RTX_CM3.lib(rt_task.o)
    0x10006ac0        -       0x00000030   Zero   RW         2765    .bss                RTX_CM3.lib(rt_list.o)
    0x10006af0        -       0x00000060   Zero   RW         3093    .bss                c_w.l(libspace.o)
    0x10006b50        -       0x00000000   Zero   RW         1834    HEAP                startup_lpc17xx.o
    0x10006b50        -       0x00000200   Zero   RW         1833    STACK               startup_lpc17xx.o


==============================================================================

Image component sizes


      Code (inc. data)   RO Data    RW Data    ZI Data      Debug   Object Name

       472        116         16         28          0       4172   arcade.o
      1188         94          0          8        160       8714   gpdma_lpc17xx.o
        96          8          0          0          0       1270   gpio_lpc17xx.o
      2908        132        100          4         36      51568   i2c_lpc17xx.o
      2332         94       2455          8        128      18484   lcd.o
        88          0          0          0          0       1348   led_rgb.o
        50          0          0          0          0      26837   main.o
      1504        486          0         32          0       4138   minijuegos.o
       808        190          0         48         10       4043   nuevo_perfil.o
       284         10          0          0          0       1540   pin_lpc17xx.o
       572         58         16         11          0       2735   pingpong.o
       760         84         16         11          0       3111   potenciomentro.o
       540        100          0         12        700       3852   puntos.o
       496         50         16          8          0      29738   rebotes.o
       126         26        104         20      25700       9351   rtx_conf_cm.o
      1184        198         16         17         70       8873   snake.o
        60         18          8          8         24       1795   snaketimer.o
      3834        104        124         12         40      54387   ssp_lpc17xx.o
        64         26        204          0        512       1056   startup_lpc17xx.o
       320         18          0          4          0        863   system_lpc17xx.o
       108         32         16         20         48       2376   timer_pelota.o
      5498        150        464          4         52      40311   uart_lpc17xx.o
       120         26          0          0          0       1247   zumbador.o

    ----------------------------------------------------------------------
     23426       2020       3588        260      27488     281809   Object Totals
         0          0         32          0          0          0   (incl. Generated)
        14          0          1          5          8          0   (incl. Padding)

    ----------------------------------------------------------------------

      Code (inc. data)   RO Data    RW Data    ZI Data      Debug   Library Member Name

       238         24          0          1          0       3244   hal_cm.o
       304         36          0          0          0        756   hal_cm3.o
      1758        204          0          8          0      42904   rt_cmsis.o
       272         18          0          0          0       2606   rt_event.o
       566         44          0          0         48       8688   rt_list.o
       554         10          0          0          0       3889   rt_mailbox.o
       140          0          0          0          0       1889   rt_membox.o
       128          0          0          0          0       2267   rt_memory.o
       336         14          0          0          0       1623   rt_mutex.o
        96         22          0          8          0       1134   rt_robin.o
        52          4          0          0          0        565   rt_semaphore.o
       298         52          0          8          0       6139   rt_system.o
      1264        184          0          8         52      10023   rt_task.o
         6          0          0          4          0        636   rt_time.o
         4          4          0          0          0        196   svc_table.o
        90          0          0          0          0          0   __dczerorl2.o
         8          0          0          0          0         68   __main.o
       284          0          0          0          0        156   __printf_wp.o
         0          0          0          0          0          0   __rtentry.o
        20          0          0          0          0          0   __rtentry2.o
         6          0          0          0          0          0   __rtentry4.o
        52          8          0          0          0          0   __scatter.o
        28          0          0          0          0          0   __scatter_zi.o
        44          0          0          0          0        108   _printf_char.o
        48          6          0          0          0         96   _printf_char_common.o
         6          0          0          0          0          0   _printf_d.o
       120         16          0          0          0         92   _printf_dec.o
       178          0          0          0          0         88   _printf_intcommon.o
        78          0          0          0          0        108   _printf_pad.o
         0          0          0          0          0          0   _printf_percent.o
         4          0          0          0          0          0   _printf_percent_end.o
         6          0          0          0          0          0   _printf_s.o
        82          0          0          0          0         80   _printf_str.o
        10          0          0          0          0         68   _sputc.o
        18          0          0          0          0         80   exit.o
         6          0          0          0          0        152   heapauxi.o
         0          0          0          0          0          0   indicate_semi.o
         2          0          0          0          0          0   libinit.o
         2          0          0          0          0          0   libinit2.o
         2          0          0          0          0          0   libshutdown.o
         2          0          0          0          0          0   libshutdown2.o
         8          4          0          0         96         68   libspace.o
       238          0          0          0          0        100   lludivv7m.o
        40          6          0          0          0         84   noretval__2sprintf.o
        78          0          0          0          0         80   rt_memclr_w.o
         2          0          0          0          0          0   rtexit.o
        10          0          0          0          0          0   rtexit2.o
        62          0          0          0          0         76   strlen.o
        12          4          0          0          0         68   sys_exit.o
        74          0          0          0          0         80   sys_stackheap_outer.o
         2          0          0          0          0         68   use_no_semi.o
        90          4          0          0          0         92   dfixu.o
        46          0          0          0          0         68   dflt_clz.o
       340         12          0          0          0        104   dmul.o
       156          4          0          0          0         92   dnaninf.o
        12          0          0          0          0         68   dretinf.o
         0          0          0          0          0          0   usenofp.o

    ----------------------------------------------------------------------
      8318        680          0         40        196      88703   Library Totals
        36          0          0          3          0          0   (incl. Padding)

    ----------------------------------------------------------------------

      Code (inc. data)   RO Data    RW Data    ZI Data      Debug   Library Name

      6016        616          0         37        100      86559   RTX_CM3.lib
      1622         44          0          0         96       1720   c_w.l
       644         20          0          0          0        424   fz_ws.l

    ----------------------------------------------------------------------
      8318        680          0         40        196      88703   Library Totals

    ----------------------------------------------------------------------

==============================================================================


      Code (inc. data)   RO Data    RW Data    ZI Data      Debug   

     31744       2700       3588        300      27684     355116   Grand Totals
     31744       2700       3588         72      27684     355116   ELF Image Totals (compressed)
     31744       2700       3588         72          0          0   ROM Totals

==============================================================================

    Total RO  Size (Code + RO Data)                35332 (  34.50kB)
    Total RW  Size (RW Data + ZI Data)             27984 (  27.33kB)
    Total ROM Size (Code + RO Data + RW Data)      35404 (  34.57kB)

==============================================================================

